Archive member included to satisfy reference by file (symbol)

/usr/local/Cellar/arm-gcc-bin@10/10.3-2021.10/bin/../lib/gcc/arm-none-eabi/10.3.1/thumb/v6-m/nofp/libgcc.a(_dvmd_tls.o)
                              CMakeFiles/auxDecode.dir/Users/cengtao/work/pico-sdk/src/rp2_common/pico_divider/divider.S.obj (__aeabi_idiv0)
/usr/local/Cellar/arm-gcc-bin@10/10.3-2021.10/bin/../lib/gcc/arm-none-eabi/10.3.1/../../../../arm-none-eabi/lib/thumb/v6-m/nofp/libc.a(lib_a-calloc.o)
                              CMakeFiles/auxDecode.dir/Users/cengtao/work/pico-sdk/src/rp2_common/pico_malloc/pico_malloc.c.obj (calloc)
/usr/local/Cellar/arm-gcc-bin@10/10.3-2021.10/bin/../lib/gcc/arm-none-eabi/10.3.1/../../../../arm-none-eabi/lib/thumb/v6-m/nofp/libc.a(lib_a-callocr.o)
                              /usr/local/Cellar/arm-gcc-bin@10/10.3-2021.10/bin/../lib/gcc/arm-none-eabi/10.3.1/../../../../arm-none-eabi/lib/thumb/v6-m/nofp/libc.a(lib_a-calloc.o) (_calloc_r)
/usr/local/Cellar/arm-gcc-bin@10/10.3-2021.10/bin/../lib/gcc/arm-none-eabi/10.3.1/../../../../arm-none-eabi/lib/thumb/v6-m/nofp/libc.a(lib_a-errno.o)
                              /usr/local/Cellar/arm-gcc-bin@10/10.3-2021.10/bin/../lib/gcc/arm-none-eabi/10.3.1/../../../../arm-none-eabi/lib/thumb/v6-m/nofp/libc.a(lib_a-callocr.o) (__errno)
/usr/local/Cellar/arm-gcc-bin@10/10.3-2021.10/bin/../lib/gcc/arm-none-eabi/10.3.1/../../../../arm-none-eabi/lib/thumb/v6-m/nofp/libc.a(lib_a-impure.o)
                              /usr/local/Cellar/arm-gcc-bin@10/10.3-2021.10/bin/../lib/gcc/arm-none-eabi/10.3.1/../../../../arm-none-eabi/lib/thumb/v6-m/nofp/libc.a(lib_a-calloc.o) (_impure_ptr)
/usr/local/Cellar/arm-gcc-bin@10/10.3-2021.10/bin/../lib/gcc/arm-none-eabi/10.3.1/../../../../arm-none-eabi/lib/thumb/v6-m/nofp/libc.a(lib_a-init.o)
                              /usr/local/Cellar/arm-gcc-bin@10/10.3-2021.10/bin/../lib/gcc/arm-none-eabi/10.3.1/../../../../arm-none-eabi/lib/thumb/v6-m/nofp/crt0.o (__libc_init_array)
/usr/local/Cellar/arm-gcc-bin@10/10.3-2021.10/bin/../lib/gcc/arm-none-eabi/10.3.1/../../../../arm-none-eabi/lib/thumb/v6-m/nofp/libc.a(lib_a-malloc.o)
                              CMakeFiles/auxDecode.dir/Users/cengtao/work/pico-sdk/src/rp2_common/pico_malloc/pico_malloc.c.obj (malloc)
/usr/local/Cellar/arm-gcc-bin@10/10.3-2021.10/bin/../lib/gcc/arm-none-eabi/10.3.1/../../../../arm-none-eabi/lib/thumb/v6-m/nofp/libc.a(lib_a-mallocr.o)
                              /usr/local/Cellar/arm-gcc-bin@10/10.3-2021.10/bin/../lib/gcc/arm-none-eabi/10.3.1/../../../../arm-none-eabi/lib/thumb/v6-m/nofp/libc.a(lib_a-callocr.o) (_malloc_r)
/usr/local/Cellar/arm-gcc-bin@10/10.3-2021.10/bin/../lib/gcc/arm-none-eabi/10.3.1/../../../../arm-none-eabi/lib/thumb/v6-m/nofp/libc.a(lib_a-memcmp.o)
                              CMakeFiles/auxDecode.dir/Users/cengtao/work/DisplayPortAuxDecode/src/utils.c.obj (memcmp)
/usr/local/Cellar/arm-gcc-bin@10/10.3-2021.10/bin/../lib/gcc/arm-none-eabi/10.3.1/../../../../arm-none-eabi/lib/thumb/v6-m/nofp/libc.a(lib_a-mlock.o)
                              /usr/local/Cellar/arm-gcc-bin@10/10.3-2021.10/bin/../lib/gcc/arm-none-eabi/10.3.1/../../../../arm-none-eabi/lib/thumb/v6-m/nofp/libc.a(lib_a-mallocr.o) (__malloc_lock)
/usr/local/Cellar/arm-gcc-bin@10/10.3-2021.10/bin/../lib/gcc/arm-none-eabi/10.3.1/../../../../arm-none-eabi/lib/thumb/v6-m/nofp/libc.a(lib_a-rand.o)
                              CMakeFiles/auxDecode.dir/Users/cengtao/work/DisplayPortAuxDecode/src/utils.c.obj (srand)
/usr/local/Cellar/arm-gcc-bin@10/10.3-2021.10/bin/../lib/gcc/arm-none-eabi/10.3.1/../../../../arm-none-eabi/lib/thumb/v6-m/nofp/libc.a(lib_a-realloc.o)
                              CMakeFiles/auxDecode.dir/Users/cengtao/work/pico-sdk/src/rp2_common/pico_malloc/pico_malloc.c.obj (realloc)
/usr/local/Cellar/arm-gcc-bin@10/10.3-2021.10/bin/../lib/gcc/arm-none-eabi/10.3.1/../../../../arm-none-eabi/lib/thumb/v6-m/nofp/libc.a(lib_a-reallocr.o)
                              /usr/local/Cellar/arm-gcc-bin@10/10.3-2021.10/bin/../lib/gcc/arm-none-eabi/10.3.1/../../../../arm-none-eabi/lib/thumb/v6-m/nofp/libc.a(lib_a-realloc.o) (_realloc_r)
/usr/local/Cellar/arm-gcc-bin@10/10.3-2021.10/bin/../lib/gcc/arm-none-eabi/10.3.1/../../../../arm-none-eabi/lib/thumb/v6-m/nofp/libc.a(lib_a-sbrkr.o)
                              /usr/local/Cellar/arm-gcc-bin@10/10.3-2021.10/bin/../lib/gcc/arm-none-eabi/10.3.1/../../../../arm-none-eabi/lib/thumb/v6-m/nofp/libc.a(lib_a-mallocr.o) (_sbrk_r)
/usr/local/Cellar/arm-gcc-bin@10/10.3-2021.10/bin/../lib/gcc/arm-none-eabi/10.3.1/../../../../arm-none-eabi/lib/thumb/v6-m/nofp/libc.a(lib_a-strlen-stub.o)
                              CMakeFiles/auxDecode.dir/Users/cengtao/work/pico-sdk/src/rp2_common/pico_stdio/stdio.c.obj (strlen)
/usr/local/Cellar/arm-gcc-bin@10/10.3-2021.10/bin/../lib/gcc/arm-none-eabi/10.3.1/../../../../arm-none-eabi/lib/thumb/v6-m/nofp/libc.a(lib_a-sysgettod.o)
[...]
Memory Configuration

Name             Origin             Length             Attributes
FLASH            0x0000000010000000 0x0000000000200000 xr
RAM              0x0000000020000000 0x0000000000040000 xrw
SCRATCH_X        0x0000000020040000 0x0000000000001000 xrw
SCRATCH_Y        0x0000000020041000 0x0000000000001000 xrw
*default*        0x0000000000000000 0xffffffffffffffff

Linker script and memory map

LOAD /usr/local/Cellar/arm-gcc-bin@10/10.3-2021.10/bin/../lib/gcc/arm-none-eabi/10.3.1/thumb/v6-m/nofp/crti.o
LOAD /usr/local/Cellar/arm-gcc-bin@10/10.3-2021.10/bin/../lib/gcc/arm-none-eabi/10.3.1/thumb/v6-m/nofp/crtbegin.o
LOAD /usr/local/Cellar/arm-gcc-bin@10/10.3-2021.10/bin/../lib/gcc/arm-none-eabi/10.3.1/../../../../arm-none-eabi/lib/thumb/v6-m/nofp/crt0.o

.flash_begin    0x0000000010000000        0x0
                0x0000000010000000                __flash_binary_start = .

.boot2          0x0000000010000000      0x100
                0x0000000010000000                __boot2_start__ = .
 *(.boot2)
 .boot2         0x0000000010000000      0x100 /var/folders/yx/hsd_thj12fz373l5pzgmxs680000gn/T//ccF7Gr4Z.o
                0x0000000010000100                __boot2_end__ = .
                0x0000000000000001                ASSERT (((__boot2_end__ - __boot2_start__) == 0x100), ERROR: Pico second stage bootloader must be 256 bytes in size)

.text           0x0000000010000100     0x7ae8
                0x0000000010000100                __logical_binary_start = .
 *(.vectors)
 .vectors       0x0000000010000100       0xd4 CMakeFiles/auxDecode.dir/Users/cengtao/work/pico-sdk/src/rp2_common/pico_standard_link/crt0.S.obj
                0x0000000010000100                __VECTOR_TABLE
                0x0000000010000100                __vectors
                0x00000000100001c0                __default_isrs_start
                0x00000000100001c0                isr_invalid
                0x00000000100001c2                isr_nmi
                0x00000000100001c4                isr_hardfault
                0x00000000100001c6                isr_svcall
                0x00000000100001c8                isr_pendsv
                0x00000000100001ca                isr_systick
                0x00000000100001cc                isr_irq28
                0x00000000100001cc                isr_irq19
                0x00000000100001cc                isr_irq0
                0x00000000100001cc                isr_irq6
                0x00000000100001cc                isr_irq22
                0x00000000100001cc                isr_irq17
                0x00000000100001cc                isr_irq14
                0x00000000100001cc                isr_irq2
                0x00000000100001cc                isr_irq10
                0x00000000100001cc                isr_irq8
                0x00000000100001cc                isr_irq24
                0x00000000100001cc                isr_irq1
                0x00000000100001cc                isr_irq7
                0x00000000100001cc                isr_irq21
                0x00000000100001cc                isr_irq20
                0x00000000100001cc                isr_irq15
                0x00000000100001cc                isr_irq25
                0x00000000100001cc                isr_irq4
                0x00000000100001cc                isr_irq16
                0x00000000100001cc                isr_irq29
                0x00000000100001cc                isr_irq26
                0x00000000100001cc                __default_isrs_end
                0x00000000100001cc                isr_irq3
                0x00000000100001cc                isr_irq9
                0x00000000100001cc                __unhandled_user_irq
                0x00000000100001cc                isr_irq13
                0x00000000100001cc                isr_irq27
                0x00000000100001cc                isr_irq31
                0x00000000100001cc                isr_irq5
                0x00000000100001cc                isr_irq11
                0x00000000100001cc                isr_irq23
                0x00000000100001cc                isr_irq18
                0x00000000100001cc                isr_irq30
                0x00000000100001cc                isr_irq12
                0x00000000100001d2                unhandled_user_irq_num_in_r0
 *(.binary_info_header)
 .binary_info_header
                0x00000000100001d4       0x14 CMakeFiles/auxDecode.dir/Users/cengtao/work/pico-sdk/src/rp2_common/pico_standard_link/crt0.S.obj
                0x00000000100001e8                __binary_info_header_end = .
 *(.reset)
 .reset         0x00000000100001e8       0xa8 CMakeFiles/auxDecode.dir/Users/cengtao/work/pico-sdk/src/rp2_common/pico_standard_link/crt0.S.obj
                0x00000000100001e8                _entry_point
                0x0000000010000266                __get_current_exception
 .reset         0x0000000010000290       0x30 CMakeFiles/auxDecode.dir/Users/cengtao/work/pico-sdk/src/rp2_common/pico_standard_link/binary_info.c.obj
 *(.init)
 .init          0x00000000100002c0        0x4 /usr/local/Cellar/arm-gcc-bin@10/10.3-2021.10/bin/../lib/gcc/arm-none-eabi/10.3.1/thumb/v6-m/nofp/crti.o
                0x00000000100002c0                _init
 *(EXCLUDE_FILE(*libm.a: *libc.a:*lib_a-mem*.o *libgcc.a:) .text*)
 .text          0x00000000100002c4       0x48 /usr/local/Cellar/arm-gcc-bin@10/10.3-2021.10/bin/../lib/gcc/arm-none-eabi/10.3.1/thumb/v6-m/nofp/crtbegin.o
 .text.DumpHex  0x000000001000030c       0xd8 CMakeFiles/auxDecode.dir/Users/cengtao/work/DisplayPortAuxDecode/src/utils.c.obj
                0x000000001000030c                DumpHex
 .text.CompareHex
                0x00000000100003e4       0x20 CMakeFiles/auxDecode.dir/Users/cengtao/work/DisplayPortAuxDecode/src/utils.c.obj
                0x00000000100003e4                CompareHex
 .text.GenRand  0x0000000010000404       0x64 CMakeFiles/auxDecode.dir/Users/cengtao/work/DisplayPortAuxDecode/src/utils.c.obj
                0x0000000010000404                GenRand
 .text.PioAuxProgramInit
                0x0000000010000468      0x47c CMakeFiles/auxDecode.dir/aux_pio.c.obj
                0x0000000010000468                PioAuxProgramInit
 .text.startup.main
                0x00000000100008e4       0x54 CMakeFiles/auxDecode.dir/main.c.obj
                0x00000000100008e4                main
 .text.set_sys_clock_pll
                0x0000000010000938       0x78 CMakeFiles/auxDecode.dir/Users/cengtao/work/pico-sdk/src/rp2_common/pico_stdlib/stdlib.c.obj
                0x0000000010000938                set_sys_clock_pll
 .text.check_sys_clock_khz
                0x00000000100009b0      0x178 CMakeFiles/auxDecode.dir/Users/cengtao/work/pico-sdk/src/rp2_common/pico_stdlib/stdlib.c.obj
                0x00000000100009b0                check_sys_clock_khz
 .text.gpio_set_function
                0x0000000010000b28       0x30 CMakeFiles/auxDecode.dir/Users/cengtao/work/pico-sdk/src/rp2_common/hardware_gpio/gpio.c.obj
                0x0000000010000b28                gpio_set_function
 .text.hw_claim_lock
                0x0000000010000b58       0x18 CMakeFiles/auxDecode.dir/Users/cengtao/work/pico-sdk/src/rp2_common/hardware_claim/claim.c.obj
                0x0000000010000b58                hw_claim_lock
 .text.hw_claim_unlock
                0x0000000010000b70       0x14 CMakeFiles/auxDecode.dir/Users/cengtao/work/pico-sdk/src/rp2_common/hardware_claim/claim.c.obj
                0x0000000010000b70                hw_claim_unlock
 .text.hw_claim_or_assert
                0x0000000010000b84       0x44 CMakeFiles/auxDecode.dir/Users/cengtao/work/pico-sdk/src/rp2_common/hardware_claim/claim.c.obj
                0x0000000010000b84                hw_claim_or_assert
 .text.hw_claim_unused_from_range
                0x0000000010000bc8       0x9c CMakeFiles/auxDecode.dir/Users/cengtao/work/pico-sdk/src/rp2_common/hardware_claim/claim.c.obj
                0x0000000010000bc8                hw_claim_unused_from_range
 .text.running_on_fpga
                0x0000000010000c64       0x10 CMakeFiles/auxDecode.dir/Users/cengtao/work/pico-sdk/src/rp2_common/pico_platform/platform.c.obj
                0x0000000010000c64                running_on_fpga
 .text.spin_locks_reset
                0x0000000010000c74       0x1c CMakeFiles/auxDecode.dir/Users/cengtao/work/pico-sdk/src/rp2_common/hardware_sync/sync.c.obj
                0x0000000010000c74                spin_locks_reset
 .text.next_striped_spin_lock_num
                0x0000000010000c90       0x18 CMakeFiles/auxDecode.dir/Users/cengtao/work/pico-sdk/src/rp2_common/hardware_sync/sync.c.obj
                0x0000000010000c90                next_striped_spin_lock_num
 .text.spin_lock_claim_unused
                0x0000000010000ca8       0x20 CMakeFiles/auxDecode.dir/Users/cengtao/work/pico-sdk/src/rp2_common/hardware_sync/sync.c.obj
                0x0000000010000ca8                spin_lock_claim_unused
 .text.irq_set_enabled
                0x0000000010000cc8       0x24 CMakeFiles/auxDecode.dir/Users/cengtao/work/pico-sdk/src/rp2_common/hardware_irq/irq.c.obj
                0x0000000010000cc8                irq_set_enabled
 .text.irq_set_pending
                0x0000000010000cec       0x10 CMakeFiles/auxDecode.dir/Users/cengtao/work/pico-sdk/src/rp2_common/hardware_irq/irq.c.obj
                0x0000000010000cec                irq_set_pending
 .text.irq_has_shared_handler
                0x0000000010000cfc       0x2c CMakeFiles/auxDecode.dir/Users/cengtao/work/pico-sdk/src/rp2_common/hardware_irq/irq.c.obj
                0x0000000010000cfc                irq_has_shared_handler
 .text.irq_get_vtable_handler
                0x0000000010000d28       0x10 CMakeFiles/auxDecode.dir/Users/cengtao/work/pico-sdk/src/rp2_common/hardware_irq/irq.c.obj
                0x0000000010000d28                irq_get_vtable_handler
 .text.irq_set_exclusive_handler
                0x0000000010000d38       0x54 CMakeFiles/auxDecode.dir/Users/cengtao/work/pico-sdk/src/rp2_common/hardware_irq/irq.c.obj
                0x0000000010000d38                irq_set_exclusive_handler
 .text.irq_add_shared_handler
                0x0000000010000d8c      0x1e4 CMakeFiles/auxDecode.dir/Users/cengtao/work/pico-sdk/src/rp2_common/hardware_irq/irq.c.obj
                0x0000000010000d8c                irq_add_shared_handler
 .text.irq_remove_handler
                0x0000000010000f70      0x1b4 CMakeFiles/auxDecode.dir/Users/cengtao/work/pico-sdk/src/rp2_common/hardware_irq/irq.c.obj
                0x0000000010000f70                irq_remove_handler
 .text.irq_add_tail_to_free_list
                0x0000000010001124       0xb4 CMakeFiles/auxDecode.dir/Users/cengtao/work/pico-sdk/src/rp2_common/hardware_irq/irq.c.obj
                0x0000000010001124                irq_add_tail_to_free_list
 .text.irq_init_priorities
                0x00000000100011d8       0x24 CMakeFiles/auxDecode.dir/Users/cengtao/work/pico-sdk/src/rp2_common/hardware_irq/irq.c.obj
                0x00000000100011d8                irq_init_priorities
 .text.user_irq_claim_unused
                0x00000000100011fc       0x30 CMakeFiles/auxDecode.dir/Users/cengtao/work/pico-sdk/src/rp2_common/hardware_irq/irq.c.obj
                0x00000000100011fc                user_irq_claim_unused
 .text.lock_init
                0x000000001000122c       0x10 CMakeFiles/auxDecode.dir/Users/cengtao/work/pico-sdk/src/common/pico_sync/lock_core.c.obj
                0x000000001000122c                lock_init
 .text.timer_pool_entry_comparator
                0x000000001000123c       0x34 CMakeFiles/auxDecode.dir/Users/cengtao/work/pico-sdk/src/common/pico_time/time.c.obj
                0x000000001000123c                timer_pool_entry_comparator
 .text.sleep_until_callback
                0x0000000010001270       0x30 CMakeFiles/auxDecode.dir/Users/cengtao/work/pico-sdk/src/common/pico_time/time.c.obj
 .text.add_alarm_under_lock.isra.0
                0x00000000100012a0      0x100 CMakeFiles/auxDecode.dir/Users/cengtao/work/pico-sdk/src/common/pico_time/time.c.obj
 .text.alarm_pool_alarm_callback
                0x00000000100013a0      0x1c8 CMakeFiles/auxDecode.dir/Users/cengtao/work/pico-sdk/src/common/pico_time/time.c.obj
 .text.alarm_pool_add_alarm_at.constprop.0
                0x0000000010001568      0x11c CMakeFiles/auxDecode.dir/Users/cengtao/work/pico-sdk/src/common/pico_time/time.c.obj
 .text.alarm_pool_init_default
                0x0000000010001684       0x64 CMakeFiles/auxDecode.dir/Users/cengtao/work/pico-sdk/src/common/pico_time/time.c.obj
                0x0000000010001684                alarm_pool_init_default
 .text.alarm_pool_get_default
                0x00000000100016e8        0x8 CMakeFiles/auxDecode.dir/Users/cengtao/work/pico-sdk/src/common/pico_time/time.c.obj
                0x00000000100016e8                alarm_pool_get_default
 .text.alarm_pool_add_alarm_at
                0x00000000100016f0      0x194 CMakeFiles/auxDecode.dir/Users/cengtao/work/pico-sdk/src/common/pico_time/time.c.obj
                0x00000000100016f0                alarm_pool_add_alarm_at
 .text.sleep_until
                0x0000000010001884       0xac CMakeFiles/auxDecode.dir/Users/cengtao/work/pico-sdk/src/common/pico_time/time.c.obj
                0x0000000010001884                sleep_until
 .text.sleep_ms
                0x0000000010001930       0x38 CMakeFiles/auxDecode.dir/Users/cengtao/work/pico-sdk/src/common/pico_time/time.c.obj
                0x0000000010001930                sleep_ms
 .text.best_effort_wfe_or_timeout
                0x0000000010001968       0xd4 CMakeFiles/auxDecode.dir/Users/cengtao/work/pico-sdk/src/common/pico_time/time.c.obj
                0x0000000010001968                best_effort_wfe_or_timeout
 .text.hardware_alarm_irq_handler
                0x0000000010001a3c       0xb8 CMakeFiles/auxDecode.dir/Users/cengtao/work/pico-sdk/src/rp2_common/hardware_timer/timer.c.obj
 .text.hardware_alarm_claim
                0x0000000010001af4       0x18 CMakeFiles/auxDecode.dir/Users/cengtao/work/pico-sdk/src/rp2_common/hardware_timer/timer.c.obj
                0x0000000010001af4                hardware_alarm_claim
 .text.time_us_64
                0x0000000010001b0c       0x14 CMakeFiles/auxDecode.dir/Users/cengtao/work/pico-sdk/src/rp2_common/hardware_timer/timer.c.obj
                0x0000000010001b0c                time_us_64
 .text.busy_wait_until
                0x0000000010001b20       0x20 CMakeFiles/auxDecode.dir/Users/cengtao/work/pico-sdk/src/rp2_common/hardware_timer/timer.c.obj
                0x0000000010001b20                busy_wait_until
 .text.hardware_alarm_set_callback
                0x0000000010001b40       0x8c CMakeFiles/auxDecode.dir/Users/cengtao/work/pico-sdk/src/rp2_common/hardware_timer/timer.c.obj
                0x0000000010001b40                hardware_alarm_set_callback
 .text.hardware_alarm_set_target
                0x0000000010001bcc       0xe0 CMakeFiles/auxDecode.dir/Users/cengtao/work/pico-sdk/src/rp2_common/hardware_timer/timer.c.obj
                0x0000000010001bcc                hardware_alarm_set_target
 .text.hardware_alarm_cancel
                0x0000000010001cac       0x3c CMakeFiles/auxDecode.dir/Users/cengtao/work/pico-sdk/src/rp2_common/hardware_timer/timer.c.obj
                0x0000000010001cac                hardware_alarm_cancel
 .text.ph_merge_nodes
                0x0000000010001ce8       0x68 CMakeFiles/auxDecode.dir/Users/cengtao/work/pico-sdk/src/common/pico_util/pheap.c.obj
 .text.ph_post_alloc_init
                0x0000000010001d50       0x3c CMakeFiles/auxDecode.dir/Users/cengtao/work/pico-sdk/src/common/pico_util/pheap.c.obj
                0x0000000010001d50                ph_post_alloc_init
 .text.ph_merge_two_pass
                0x0000000010001d8c       0x90 CMakeFiles/auxDecode.dir/Users/cengtao/work/pico-sdk/src/common/pico_util/pheap.c.obj
                0x0000000010001d8c                ph_merge_two_pass
 .text.ph_remove_any_head
                0x0000000010001e1c       0xf8 CMakeFiles/auxDecode.dir/Users/cengtao/work/pico-sdk/src/common/pico_util/pheap.c.obj
 .text.ph_remove_head
                0x0000000010001f14       0xfc CMakeFiles/auxDecode.dir/Users/cengtao/work/pico-sdk/src/common/pico_util/pheap.c.obj
                0x0000000010001f14                ph_remove_head
 .text.ph_remove_and_free_node
                0x0000000010002010       0x7c CMakeFiles/auxDecode.dir/Users/cengtao/work/pico-sdk/src/common/pico_util/pheap.c.obj
                0x0000000010002010                ph_remove_and_free_node
 .text.mutex_init
                0x000000001000208c       0x1c CMakeFiles/auxDecode.dir/Users/cengtao/work/pico-sdk/src/common/pico_sync/mutex.c.obj
                0x000000001000208c                mutex_init
 .text.recursive_mutex_init
                0x00000000100020a8       0x1c CMakeFiles/auxDecode.dir/Users/cengtao/work/pico-sdk/src/common/pico_sync/mutex.c.obj
                0x00000000100020a8                recursive_mutex_init
 .text.critical_section_init
                0x00000000100020c4       0x20 CMakeFiles/auxDecode.dir/Users/cengtao/work/pico-sdk/src/common/pico_sync/critical_section.c.obj
                0x00000000100020c4                critical_section_init
 .text.runtime_init
                0x00000000100020e4       0xf0 CMakeFiles/auxDecode.dir/Users/cengtao/work/pico-sdk/src/rp2_common/pico_runtime/runtime.c.obj
                0x00000000100020e4                runtime_init
 .text.exit     0x00000000100021d4        0x4 CMakeFiles/auxDecode.dir/Users/cengtao/work/pico-sdk/src/rp2_common/pico_runtime/runtime.c.obj
                0x00000000100021d4                exit
 .text.panic    0x00000000100021d8       0x30 CMakeFiles/auxDecode.dir/Users/cengtao/work/pico-sdk/src/rp2_common/pico_runtime/runtime.c.obj
                0x00000000100021d8                panic
 .text.hard_assertion_failure
                0x0000000010002208        0xc CMakeFiles/auxDecode.dir/Users/cengtao/work/pico-sdk/src/rp2_common/pico_runtime/runtime.c.obj
                0x0000000010002208                hard_assertion_failure
 .text.clock_configure
                0x0000000010002214      0x114 CMakeFiles/auxDecode.dir/Users/cengtao/work/pico-sdk/src/rp2_common/hardware_clocks/clocks.c.obj
                0x0000000010002214                clock_configure
 .text.clocks_init
                0x0000000010002328      0x2bc CMakeFiles/auxDecode.dir/Users/cengtao/work/pico-sdk/src/rp2_common/hardware_clocks/clocks.c.obj
                0x0000000010002328                clocks_init
 .text.clock_get_hz
                0x00000000100025e4        0xc CMakeFiles/auxDecode.dir/Users/cengtao/work/pico-sdk/src/rp2_common/hardware_clocks/clocks.c.obj
                0x00000000100025e4                clock_get_hz
 .text.pll_init
                0x00000000100025f0       0xb0 CMakeFiles/auxDecode.dir/Users/cengtao/work/pico-sdk/src/rp2_common/hardware_pll/pll.c.obj
                0x00000000100025f0                pll_init
 .text.watchdog_start_tick
                0x00000000100026a0       0x10 CMakeFiles/auxDecode.dir/Users/cengtao/work/pico-sdk/src/rp2_common/hardware_watchdog/watchdog.c.obj
                0x00000000100026a0                watchdog_start_tick
 .text.xosc_init
                0x00000000100026b0       0x28 CMakeFiles/auxDecode.dir/Users/cengtao/work/pico-sdk/src/rp2_common/hardware_xosc/xosc.c.obj
                0x00000000100026b0                xosc_init
 .text._out_null
                0x00000000100026d8        0x4 CMakeFiles/auxDecode.dir/Users/cengtao/work/pico-sdk/src/rp2_common/pico_printf/printf.c.obj
 .text._out_rev
                0x00000000100026dc       0x9c CMakeFiles/auxDecode.dir/Users/cengtao/work/pico-sdk/src/rp2_common/pico_printf/printf.c.obj
 .text._ntoa_format
                0x0000000010002778      0x1cc CMakeFiles/auxDecode.dir/Users/cengtao/work/pico-sdk/src/rp2_common/pico_printf/printf.c.obj
 .text._out_char
                0x0000000010002944       0x10 CMakeFiles/auxDecode.dir/Users/cengtao/work/pico-sdk/src/rp2_common/pico_printf/printf.c.obj
 .text._out_fct
                0x0000000010002954       0x10 CMakeFiles/auxDecode.dir/Users/cengtao/work/pico-sdk/src/rp2_common/pico_printf/printf.c.obj
 .text._etoa    0x0000000010002964      0x44c CMakeFiles/auxDecode.dir/Users/cengtao/work/pico-sdk/src/rp2_common/pico_printf/printf.c.obj
 .text._ftoa    0x0000000010002db0      0x398 CMakeFiles/auxDecode.dir/Users/cengtao/work/pico-sdk/src/rp2_common/pico_printf/printf.c.obj
 .text._vsnprintf
                0x0000000010003148      0xb04 CMakeFiles/auxDecode.dir/Users/cengtao/work/pico-sdk/src/rp2_common/pico_printf/printf.c.obj
 .text.vfctprintf
                0x0000000010003c4c       0x20 CMakeFiles/auxDecode.dir/Users/cengtao/work/pico-sdk/src/rp2_common/pico_printf/printf.c.obj
                0x0000000010003c4c                vfctprintf
 .text.weak_raw_vprintf
                0x0000000010003c6c       0x30 CMakeFiles/auxDecode.dir/Users/cengtao/work/pico-sdk/src/rp2_common/pico_printf/printf.c.obj
                0x0000000010003c6c                weak_raw_vprintf
 .text          0x0000000010003c9c       0x10 CMakeFiles/auxDecode.dir/Users/cengtao/work/pico-sdk/src/rp2_common/pico_bit_ops/bit_ops_aeabi.S.obj
 .text.rom_func_lookup
                0x0000000010003cac       0x10 CMakeFiles/auxDecode.dir/Users/cengtao/work/pico-sdk/src/rp2_common/pico_bootrom/bootrom.c.obj
                0x0000000010003cac                rom_func_lookup
 .text.rom_data_lookup
                0x0000000010003cbc       0x10 CMakeFiles/auxDecode.dir/Users/cengtao/work/pico-sdk/src/rp2_common/pico_bootrom/bootrom.c.obj
                0x0000000010003cbc                rom_data_lookup
 .text.rom_funcs_lookup
                0x0000000010003ccc       0x44 CMakeFiles/auxDecode.dir/Users/cengtao/work/pico-sdk/src/rp2_common/pico_bootrom/bootrom.c.obj
                0x0000000010003ccc                rom_funcs_lookup
 .text.__wrap___aeabi_idiv
                0x0000000010003d10       0x50 CMakeFiles/auxDecode.dir/Users/cengtao/work/pico-sdk/src/rp2_common/pico_divider/divider.S.obj
                0x0000000010003d10                __wrap___aeabi_idivmod
                0x0000000010003d10                divmod_s32s32
                0x0000000010003d10                div_s32s32
                0x0000000010003d10                __wrap___aeabi_idiv
                0x0000000010003d18                divmod_s32s32_unsafe
                0x0000000010003d44                divmod_s32s32_savestate
 .text.__wrap___aeabi_uidiv
                0x0000000010003d60       0x4c CMakeFiles/auxDecode.dir/Users/cengtao/work/pico-sdk/src/rp2_common/pico_divider/divider.S.obj
                0x0000000010003d60                __wrap___aeabi_uidiv
                0x0000000010003d60                __wrap___aeabi_uidivmod
                0x0000000010003d60                div_u32u32
                0x0000000010003d60                divmod_u32u32
                0x0000000010003d68                divmod_u32u32_unsafe
                0x0000000010003d90                divmod_u32u32_savestate
 .text.__wrap___aeabi_ldiv
                0x0000000010003dac      0x434 CMakeFiles/auxDecode.dir/Users/cengtao/work/pico-sdk/src/rp2_common/pico_divider/divider.S.obj
                0x0000000010003dac                __wrap___aeabi_ldivmod
                0x0000000010003dac                div_s64s64
                0x0000000010003dac                divmod_s64s64
                0x0000000010003de4                divmod_u64u64
                0x0000000010003de4                div_u64u64
                0x0000000010003de4                __wrap___aeabi_uldivmod
                0x0000000010003df4                divmod_u64u64_savestate
                0x0000000010003e1c                divmod_s64s64_unsafe
                0x0000000010003ea4                divmod_u64u64_unsafe
 .text.__wrap___aeabi_darithmetic
                0x00000000100041e0       0x80 CMakeFiles/auxDecode.dir/Users/cengtao/work/pico-sdk/src/rp2_common/pico_double/double_aeabi.S.obj
                0x00000000100041e0                __wrap___aeabi_drsub
                0x00000000100041e6                __wrap___aeabi_dsub
                0x00000000100041f8                __wrap___aeabi_dadd
                0x000000001000420a                __wrap___aeabi_ddiv
                0x0000000010004246                __wrap___aeabi_dmul
 .text.__wrap___aeabi_cdcmple
                0x0000000010004260       0x6c CMakeFiles/auxDecode.dir/Users/cengtao/work/pico-sdk/src/rp2_common/pico_double/double_aeabi.S.obj
                0x0000000010004260                __wrap___aeabi_cdrcmple
                0x0000000010004270                __wrap___aeabi_cdcmple
                0x0000000010004270                __wrap___aeabi_cdcmpeq
 .text.__wrap___aeabi_dcmplt
                0x00000000100042cc        0xc CMakeFiles/auxDecode.dir/Users/cengtao/work/pico-sdk/src/rp2_common/pico_double/double_aeabi.S.obj
                0x00000000100042cc                __wrap___aeabi_dcmplt
 .text.__wrap___aeabi_dcmple
                0x00000000100042d8       0x10 CMakeFiles/auxDecode.dir/Users/cengtao/work/pico-sdk/src/rp2_common/pico_double/double_aeabi.S.obj
                0x00000000100042d8                __wrap___aeabi_dcmple
 .text.__wrap___aeabi_dcmpge
                0x00000000100042e8       0x10 CMakeFiles/auxDecode.dir/Users/cengtao/work/pico-sdk/src/rp2_common/pico_double/double_aeabi.S.obj
                0x00000000100042e8                __wrap___aeabi_dcmpge
 .text.__wrap___aeabi_dcmpgt
                0x00000000100042f8        0xa CMakeFiles/auxDecode.dir/Users/cengtao/work/pico-sdk/src/rp2_common/pico_double/double_aeabi.S.obj
                0x00000000100042f8                __wrap___aeabi_dcmpgt
 .text.__wrap___aeabi_dcmpun
                0x0000000010004302       0x1c CMakeFiles/auxDecode.dir/Users/cengtao/work/pico-sdk/src/rp2_common/pico_double/double_aeabi.S.obj
                0x0000000010004302                __wrap___aeabi_dcmpun
 *fill*         0x000000001000431e        0x2 
 .text.__wrap___aeabi_i2d
                0x0000000010004320       0x38 CMakeFiles/auxDecode.dir/Users/cengtao/work/pico-sdk/src/rp2_common/pico_double/double_aeabi.S.obj
                0x0000000010004320                __wrap___aeabi_ui2d
                0x0000000010004328                __wrap___aeabi_i2d
 .text.__wrap___aeabi_d2iz
                0x0000000010004358       0x48 CMakeFiles/auxDecode.dir/Users/cengtao/work/pico-sdk/src/rp2_common/pico_double/double_aeabi.S.obj
                0x0000000010004358                __wrap___aeabi_d2iz
                0x0000000010004358                double2int_z
 .text.__wrap___aeabi_d2uiz
                0x00000000100043a0       0x18 CMakeFiles/auxDecode.dir/Users/cengtao/work/pico-sdk/src/rp2_common/pico_double/double_aeabi.S.obj
                0x00000000100043a0                double2uint
                0x00000000100043a0                __wrap___aeabi_d2uiz
 .text.__aeabi_double_init
                0x00000000100043b8       0x94 CMakeFiles/auxDecode.dir/Users/cengtao/work/pico-sdk/src/rp2_common/pico_double/double_init_rom.c.obj
                0x00000000100043b8                __aeabi_double_init
 .text.double_table_shim_on_use_helper
                0x000000001000444c       0x2c CMakeFiles/auxDecode.dir/Users/cengtao/work/pico-sdk/src/rp2_common/pico_double/double_v1_rom_shim.S.obj
                0x000000001000444c                double_table_shim_on_use_helper
 .text.__wrap___aeabi_dsub
                0x0000000010004478       0x10 CMakeFiles/auxDecode.dir/Users/cengtao/work/pico-sdk/src/rp2_common/pico_double/double_v1_rom_shim.S.obj
                0x0000000010004478                drsub_shim
                0x000000001000447e                dsub_shim
 .text.dadd_shim
                0x0000000010004488      0x15c CMakeFiles/auxDecode.dir/Users/cengtao/work/pico-sdk/src/rp2_common/pico_double/double_v1_rom_shim.S.obj
                0x0000000010004488                dadd_shim
 .text.dmul_shim
                0x00000000100045e4      0x15c CMakeFiles/auxDecode.dir/Users/cengtao/work/pico-sdk/src/rp2_common/pico_double/double_v1_rom_shim.S.obj
                0x00000000100045e4                dmul_shim
 .text.ddiv_shim
                0x0000000010004740      0x1b0 CMakeFiles/auxDecode.dir/Users/cengtao/work/pico-sdk/src/rp2_common/pico_double/double_v1_rom_shim.S.obj
                0x0000000010004740                ddiv_shim
 .text.double2uint_shim
                0x00000000100048f0        0xe CMakeFiles/auxDecode.dir/Users/cengtao/work/pico-sdk/src/rp2_common/pico_double/double_v1_rom_shim.S.obj
                0x00000000100048f0                double2uint_shim
                0x00000000100048f2                double2ufix_shim
 *fill*         0x00000000100048fe        0x2 
 .text.double2uint64_shim
                0x0000000010004900       0x70 CMakeFiles/auxDecode.dir/Users/cengtao/work/pico-sdk/src/rp2_common/pico_double/double_v1_rom_shim.S.obj
                0x0000000010004900                double2uint64_shim
                0x0000000010004902                double2ufix64_shim
                0x0000000010004922                d2fix_a
 .text.dunpacks
                0x0000000010004970       0x3c CMakeFiles/auxDecode.dir/Users/cengtao/work/pico-sdk/src/rp2_common/pico_double/double_v1_rom_shim.S.obj
                0x0000000010004970                dunpacks
 .text.__aeabi_lmul
                0x00000000100049ac       0x32 CMakeFiles/auxDecode.dir/Users/cengtao/work/pico-sdk/src/rp2_common/pico_int64_ops/pico_int64_ops_aeabi.S.obj
                0x00000000100049ac                __wrap___aeabi_lmul
 *fill*         0x00000000100049de        0x2 
 .text.__wrap___aeabi_farithmetic
                0x00000000100049e0       0x48 CMakeFiles/auxDecode.dir/Users/cengtao/work/pico-sdk/src/rp2_common/pico_float/float_aeabi.S.obj
                0x00000000100049e0                __wrap___aeabi_frsub
                0x00000000100049e6                __wrap___aeabi_fsub
                0x00000000100049ec                __wrap___aeabi_fadd
                0x00000000100049f2                __wrap___aeabi_fdiv
                0x0000000010004a1a                __wrap___aeabi_fmul
 .text.__wrap___aeabi_ui2f
                0x0000000010004a28        0xa CMakeFiles/auxDecode.dir/Users/cengtao/work/pico-sdk/src/rp2_common/pico_float/float_aeabi.S.obj
                0x0000000010004a28                __wrap___aeabi_ui2f
 *fill*         0x0000000010004a32        0x2 
 .text.__wrap___aeabi_i2f
                0x0000000010004a34       0x44 CMakeFiles/auxDecode.dir/Users/cengtao/work/pico-sdk/src/rp2_common/pico_float/float_aeabi.S.obj
                0x0000000010004a34                __wrap___aeabi_i2f
 .text.__wrap___aeabi_f2iz
                0x0000000010004a78       0x4e CMakeFiles/auxDecode.dir/Users/cengtao/work/pico-sdk/src/rp2_common/pico_float/float_aeabi.S.obj
                0x0000000010004a78                __wrap___aeabi_f2iz
                0x0000000010004a78                float2int_z
 *fill*         0x0000000010004ac6        0x2 
 .text.float2int
                0x0000000010004ac8       0x14 CMakeFiles/auxDecode.dir/Users/cengtao/work/pico-sdk/src/rp2_common/pico_float/float_aeabi.S.obj
                0x0000000010004ac8                float2int
 .text.__wrap___aeabi_f2uiz
                0x0000000010004adc        0xc CMakeFiles/auxDecode.dir/Users/cengtao/work/pico-sdk/src/rp2_common/pico_float/float_aeabi.S.obj
                0x0000000010004adc                __wrap___aeabi_f2uiz
 .text.__aeabi_float_init
                0x0000000010004ae8       0x64 CMakeFiles/auxDecode.dir/Users/cengtao/work/pico-sdk/src/rp2_common/pico_float/float_init_rom.c.obj
                0x0000000010004ae8                __aeabi_float_init
 .text.float_table_shim_on_use_helper
                0x0000000010004b4c       0x2c CMakeFiles/auxDecode.dir/Users/cengtao/work/pico-sdk/src/rp2_common/pico_float/float_v1_rom_shim.S.obj
                0x0000000010004b4c                float_table_shim_on_use_helper
 .text.float232_shims
                0x0000000010004b78       0x18 CMakeFiles/auxDecode.dir/Users/cengtao/work/pico-sdk/src/rp2_common/pico_float/float_v1_rom_shim.S.obj
                0x0000000010004b78                float2int_shim
                0x0000000010004b7a                float2fix_shim
 .text          0x0000000010004b90       0x10 CMakeFiles/auxDecode.dir/Users/cengtao/work/pico-sdk/src/rp2_common/pico_mem_ops/mem_ops_aeabi.S.obj
                0x0000000010004b90                __aeabi_mem_init
 .text.memset   0x0000000010004ba0        0xc CMakeFiles/auxDecode.dir/Users/cengtao/work/pico-sdk/src/rp2_common/pico_mem_ops/mem_ops_aeabi.S.obj
                0x0000000010004ba0                __wrap_memset
 .text.memcpy   0x0000000010004bac        0xc CMakeFiles/auxDecode.dir/Users/cengtao/work/pico-sdk/src/rp2_common/pico_mem_ops/mem_ops_aeabi.S.obj
                0x0000000010004bac                __wrap___aeabi_memcpy
                0x0000000010004bac                __wrap_memcpy
 .text.stdio_out_chars_no_crlf
                0x0000000010004bb8       0x10 CMakeFiles/auxDecode.dir/Users/cengtao/work/pico-sdk/src/rp2_common/pico_stdio/stdio.c.obj
 .text.stdio_out_chars_crlf
                0x0000000010004bc8       0xb4 CMakeFiles/auxDecode.dir/Users/cengtao/work/pico-sdk/src/rp2_common/pico_stdio/stdio.c.obj
 .text.stdio_buffered_printer
                0x0000000010004c7c       0x64 CMakeFiles/auxDecode.dir/Users/cengtao/work/pico-sdk/src/rp2_common/pico_stdio/stdio.c.obj
 .text.stdio_put_string.isra.0
                0x0000000010004ce0       0xfc CMakeFiles/auxDecode.dir/Users/cengtao/work/pico-sdk/src/rp2_common/pico_stdio/stdio.c.obj
 .text.__wrap_putchar
                0x0000000010004ddc       0xa0 CMakeFiles/auxDecode.dir/Users/cengtao/work/pico-sdk/src/rp2_common/pico_stdio/stdio.c.obj
                0x0000000010004ddc                __wrap_putchar
 .text.__wrap_puts
                0x0000000010004e7c       0x3c CMakeFiles/auxDecode.dir/Users/cengtao/work/pico-sdk/src/rp2_common/pico_stdio/stdio.c.obj
                0x0000000010004e7c                __wrap_puts
 .text.stdio_set_driver_enabled
                0x0000000010004eb8       0x30 CMakeFiles/auxDecode.dir/Users/cengtao/work/pico-sdk/src/rp2_common/pico_stdio/stdio.c.obj
                0x0000000010004eb8                stdio_set_driver_enabled
 .text.__wrap_vprintf
                0x0000000010004ee8       0xd8 CMakeFiles/auxDecode.dir/Users/cengtao/work/pico-sdk/src/rp2_common/pico_stdio/stdio.c.obj
                0x0000000010004ee8                __wrap_vprintf
 .text.__wrap_printf
                0x0000000010004fc0       0x18 CMakeFiles/auxDecode.dir/Users/cengtao/work/pico-sdk/src/rp2_common/pico_stdio/stdio.c.obj
                0x0000000010004fc0                __wrap_printf
 .text.stdio_init_all
                0x0000000010004fd8        0x8 CMakeFiles/auxDecode.dir/Users/cengtao/work/pico-sdk/src/rp2_common/pico_stdio/stdio.c.obj
                0x0000000010004fd8                stdio_init_all
 .text.stdio_usb_in_chars
                0x0000000010004fe0       0x68 CMakeFiles/auxDecode.dir/Users/cengtao/work/pico-sdk/src/rp2_common/pico_stdio_usb/stdio_usb.c.obj
                0x0000000010004fe0                stdio_usb_in_chars
 .text.stdio_usb_out_chars
                0x0000000010005048       0xe4 CMakeFiles/auxDecode.dir/Users/cengtao/work/pico-sdk/src/rp2_common/pico_stdio_usb/stdio_usb.c.obj
 .text.timer_task
                0x000000001000512c       0x18 CMakeFiles/auxDecode.dir/Users/cengtao/work/pico-sdk/src/rp2_common/pico_stdio_usb/stdio_usb.c.obj
 .text.usb_irq  0x0000000010005144       0x10 CMakeFiles/auxDecode.dir/Users/cengtao/work/pico-sdk/src/rp2_common/pico_stdio_usb/stdio_usb.c.obj
 .text.low_priority_worker_irq
                0x0000000010005154       0x24 CMakeFiles/auxDecode.dir/Users/cengtao/work/pico-sdk/src/rp2_common/pico_stdio_usb/stdio_usb.c.obj
 .text.stdio_usb_init
                0x0000000010005178       0xb0 CMakeFiles/auxDecode.dir/Users/cengtao/work/pico-sdk/src/rp2_common/pico_stdio_usb/stdio_usb.c.obj
                0x0000000010005178                stdio_usb_init
 .text.tud_descriptor_device_cb
                0x0000000010005228        0x8 CMakeFiles/auxDecode.dir/Users/cengtao/work/pico-sdk/src/rp2_common/pico_stdio_usb/stdio_usb_descriptors.c.obj
                0x0000000010005228                tud_descriptor_device_cb
 .text.tud_descriptor_configuration_cb
                0x0000000010005230        0x8 CMakeFiles/auxDecode.dir/Users/cengtao/work/pico-sdk/src/rp2_common/pico_stdio_usb/stdio_usb_descriptors.c.obj
                0x0000000010005230                tud_descriptor_configuration_cb
 .text.tud_descriptor_string_cb
                0x0000000010005238       0x74 CMakeFiles/auxDecode.dir/Users/cengtao/work/pico-sdk/src/rp2_common/pico_stdio_usb/stdio_usb_descriptors.c.obj
                0x0000000010005238                tud_descriptor_string_cb
 .text.dcd_rp2040_irq
                0x00000000100052ac      0x21c CMakeFiles/auxDecode.dir/Users/cengtao/work/pico-sdk/lib/tinyusb/src/portable/raspberrypi/rp2040/dcd_rp2040.c.obj
 .text.dcd_int_enable
                0x00000000100054c8        0xc CMakeFiles/auxDecode.dir/Users/cengtao/work/pico-sdk/lib/tinyusb/src/portable/raspberrypi/rp2040/dcd_rp2040.c.obj
                0x00000000100054c8                dcd_int_enable
 .text.dcd_set_address
                0x00000000100054d4       0x14 CMakeFiles/auxDecode.dir/Users/cengtao/work/pico-sdk/lib/tinyusb/src/portable/raspberrypi/rp2040/dcd_rp2040.c.obj
                0x00000000100054d4                dcd_set_address
 .text.dcd_connect
                0x00000000100054e8       0x10 CMakeFiles/auxDecode.dir/Users/cengtao/work/pico-sdk/lib/tinyusb/src/portable/raspberrypi/rp2040/dcd_rp2040.c.obj
                0x00000000100054e8                dcd_connect
 .text.dcd_init
                0x00000000100054f8      0x144 CMakeFiles/auxDecode.dir/Users/cengtao/work/pico-sdk/lib/tinyusb/src/portable/raspberrypi/rp2040/dcd_rp2040.c.obj
                0x00000000100054f8                dcd_init
 .text.dcd_edpt0_status_complete
                0x000000001000563c       0x1c CMakeFiles/auxDecode.dir/Users/cengtao/work/pico-sdk/lib/tinyusb/src/portable/raspberrypi/rp2040/dcd_rp2040.c.obj
                0x000000001000563c                dcd_edpt0_status_complete
 .text.dcd_edpt_open
                0x0000000010005658       0xf0 CMakeFiles/auxDecode.dir/Users/cengtao/work/pico-sdk/lib/tinyusb/src/portable/raspberrypi/rp2040/dcd_rp2040.c.obj
                0x0000000010005658                dcd_edpt_open
 .text.dcd_edpt_close_all
                0x0000000010005748       0xbc CMakeFiles/auxDecode.dir/Users/cengtao/work/pico-sdk/lib/tinyusb/src/portable/raspberrypi/rp2040/dcd_rp2040.c.obj
                0x0000000010005748                dcd_edpt_close_all
 .text.dcd_edpt_xfer
                0x0000000010005804       0x24 CMakeFiles/auxDecode.dir/Users/cengtao/work/pico-sdk/lib/tinyusb/src/portable/raspberrypi/rp2040/dcd_rp2040.c.obj
                0x0000000010005804                dcd_edpt_xfer
 .text.dcd_edpt_stall
                0x0000000010005828       0x38 CMakeFiles/auxDecode.dir/Users/cengtao/work/pico-sdk/lib/tinyusb/src/portable/raspberrypi/rp2040/dcd_rp2040.c.obj
                0x0000000010005828                dcd_edpt_stall
 .text.dcd_edpt_clear_stall
                0x0000000010005860       0x30 CMakeFiles/auxDecode.dir/Users/cengtao/work/pico-sdk/lib/tinyusb/src/portable/raspberrypi/rp2040/dcd_rp2040.c.obj
                0x0000000010005860                dcd_edpt_clear_stall
 .text._hw_endpoint_buffer_control_update32.part.0.isra.0
                0x0000000010005890       0x1c CMakeFiles/auxDecode.dir/Users/cengtao/work/pico-sdk/lib/tinyusb/src/portable/raspberrypi/rp2040/rp2040_usb.c.obj
 .text.rp2040_usb_init
                0x00000000100058ac       0x4c CMakeFiles/auxDecode.dir/Users/cengtao/work/pico-sdk/lib/tinyusb/src/portable/raspberrypi/rp2040/rp2040_usb.c.obj
                0x00000000100058ac                rp2040_usb_init
 .text.hw_endpoint_reset_transfer
                0x00000000100058f8        0xc CMakeFiles/auxDecode.dir/Users/cengtao/work/pico-sdk/lib/tinyusb/src/portable/raspberrypi/rp2040/rp2040_usb.c.obj
                0x00000000100058f8                hw_endpoint_reset_transfer
 .text._hw_endpoint_buffer_control_update32
                0x0000000010005904       0x44 CMakeFiles/auxDecode.dir/Users/cengtao/work/pico-sdk/lib/tinyusb/src/portable/raspberrypi/rp2040/rp2040_usb.c.obj
                0x0000000010005904                _hw_endpoint_buffer_control_update32
 .text.hw_endpoint_xfer_start
                0x0000000010005948      0x138 CMakeFiles/auxDecode.dir/Users/cengtao/work/pico-sdk/lib/tinyusb/src/portable/raspberrypi/rp2040/rp2040_usb.c.obj
                0x0000000010005948                hw_endpoint_xfer_start
 .text.hw_endpoint_xfer_continue
                0x0000000010005a80      0x1e4 CMakeFiles/auxDecode.dir/Users/cengtao/work/pico-sdk/lib/tinyusb/src/portable/raspberrypi/rp2040/rp2040_usb.c.obj
                0x0000000010005a80                hw_endpoint_xfer_continue
 .text.tud_mounted
                0x0000000010005c64       0x10 CMakeFiles/auxDecode.dir/Users/cengtao/work/pico-sdk/lib/tinyusb/src/device/usbd.c.obj
                0x0000000010005c64                tud_mounted
 .text.tud_suspended
                0x0000000010005c74       0x10 CMakeFiles/auxDecode.dir/Users/cengtao/work/pico-sdk/lib/tinyusb/src/device/usbd.c.obj
                0x0000000010005c74                tud_suspended
 .text.tud_inited
                0x0000000010005c84        0xc CMakeFiles/auxDecode.dir/Users/cengtao/work/pico-sdk/lib/tinyusb/src/device/usbd.c.obj
                0x0000000010005c84                tud_inited
 .text.tud_init
                0x0000000010005c90       0xd8 CMakeFiles/auxDecode.dir/Users/cengtao/work/pico-sdk/lib/tinyusb/src/device/usbd.c.obj
                0x0000000010005c90                tud_init
 .text.tud_task
                0x0000000010005d68      0x8ec CMakeFiles/auxDecode.dir/Users/cengtao/work/pico-sdk/lib/tinyusb/src/device/usbd.c.obj
                0x0000000010005d68                tud_task
 .text.dcd_event_bus_signal
                0x0000000010006654      0x120 CMakeFiles/auxDecode.dir/Users/cengtao/work/pico-sdk/lib/tinyusb/src/device/usbd.c.obj
                0x0000000010006654                dcd_event_bus_signal
 .text.dcd_event_bus_reset
                0x0000000010006774       0x54 CMakeFiles/auxDecode.dir/Users/cengtao/work/pico-sdk/lib/tinyusb/src/device/usbd.c.obj
                0x0000000010006774                dcd_event_bus_reset
 .text.dcd_event_setup_received
                0x00000000100067c8       0x50 CMakeFiles/auxDecode.dir/Users/cengtao/work/pico-sdk/lib/tinyusb/src/device/usbd.c.obj
                0x00000000100067c8                dcd_event_setup_received
 .text.dcd_event_xfer_complete
                0x0000000010006818       0x68 CMakeFiles/auxDecode.dir/Users/cengtao/work/pico-sdk/lib/tinyusb/src/device/usbd.c.obj
                0x0000000010006818                dcd_event_xfer_complete
 .text.usbd_open_edpt_pair
                0x0000000010006880       0x80 CMakeFiles/auxDecode.dir/Users/cengtao/work/pico-sdk/lib/tinyusb/src/device/usbd.c.obj
                0x0000000010006880                usbd_open_edpt_pair
 .text.usbd_edpt_open
                0x0000000010006900       0x30 CMakeFiles/auxDecode.dir/Users/cengtao/work/pico-sdk/lib/tinyusb/src/device/usbd.c.obj
                0x0000000010006900                usbd_edpt_open
 .text.usbd_edpt_claim
                0x0000000010006930       0x64 CMakeFiles/auxDecode.dir/Users/cengtao/work/pico-sdk/lib/tinyusb/src/device/usbd.c.obj
                0x0000000010006930                usbd_edpt_claim
 .text.usbd_edpt_release
                0x0000000010006994       0x4c CMakeFiles/auxDecode.dir/Users/cengtao/work/pico-sdk/lib/tinyusb/src/device/usbd.c.obj
                0x0000000010006994                usbd_edpt_release
 .text.usbd_edpt_xfer
                0x00000000100069e0       0x48 CMakeFiles/auxDecode.dir/Users/cengtao/work/pico-sdk/lib/tinyusb/src/device/usbd.c.obj
                0x00000000100069e0                usbd_edpt_xfer
 .text.tud_control_status
                0x0000000010006a28       0x30 CMakeFiles/auxDecode.dir/Users/cengtao/work/pico-sdk/lib/tinyusb/src/device/usbd_control.c.obj
                0x0000000010006a28                tud_control_status
 .text.tud_control_xfer
                0x0000000010006a58       0xbc CMakeFiles/auxDecode.dir/Users/cengtao/work/pico-sdk/lib/tinyusb/src/device/usbd_control.c.obj
                0x0000000010006a58                tud_control_xfer
 .text.usbd_control_reset
                0x0000000010006b14       0x14 CMakeFiles/auxDecode.dir/Users/cengtao/work/pico-sdk/lib/tinyusb/src/device/usbd_control.c.obj
                0x0000000010006b14                usbd_control_reset
 .text.usbd_control_set_complete_callback
                0x0000000010006b28        0xc CMakeFiles/auxDecode.dir/Users/cengtao/work/pico-sdk/lib/tinyusb/src/device/usbd_control.c.obj
                0x0000000010006b28                usbd_control_set_complete_callback
 .text.usbd_control_set_request
                0x0000000010006b34       0x1c CMakeFiles/auxDecode.dir/Users/cengtao/work/pico-sdk/lib/tinyusb/src/device/usbd_control.c.obj
                0x0000000010006b34                usbd_control_set_request
 .text.usbd_control_xfer_cb
                0x0000000010006b50       0xfc CMakeFiles/auxDecode.dir/Users/cengtao/work/pico-sdk/lib/tinyusb/src/device/usbd_control.c.obj
                0x0000000010006b50                usbd_control_xfer_cb
 .text.tud_cdc_n_connected
                0x0000000010006c4c       0x30 CMakeFiles/auxDecode.dir/Users/cengtao/work/pico-sdk/lib/tinyusb/src/class/cdc/cdc_device.c.obj
                0x0000000010006c4c                tud_cdc_n_connected
 .text.tud_cdc_n_available
                0x0000000010006c7c       0x18 CMakeFiles/auxDecode.dir/Users/cengtao/work/pico-sdk/lib/tinyusb/src/class/cdc/cdc_device.c.obj
                0x0000000010006c7c                tud_cdc_n_available
 .text.tud_cdc_n_read
                0x0000000010006c94       0x70 CMakeFiles/auxDecode.dir/Users/cengtao/work/pico-sdk/lib/tinyusb/src/class/cdc/cdc_device.c.obj
                0x0000000010006c94                tud_cdc_n_read
 .text.tud_cdc_n_write_flush
                0x0000000010006d04       0x78 CMakeFiles/auxDecode.dir/Users/cengtao/work/pico-sdk/lib/tinyusb/src/class/cdc/cdc_device.c.obj
                0x0000000010006d04                tud_cdc_n_write_flush
 .text.tud_cdc_n_write
                0x0000000010006d7c       0x34 CMakeFiles/auxDecode.dir/Users/cengtao/work/pico-sdk/lib/tinyusb/src/class/cdc/cdc_device.c.obj
                0x0000000010006d7c                tud_cdc_n_write
 .text.tud_cdc_n_write_available
                0x0000000010006db0       0x18 CMakeFiles/auxDecode.dir/Users/cengtao/work/pico-sdk/lib/tinyusb/src/class/cdc/cdc_device.c.obj
                0x0000000010006db0                tud_cdc_n_write_available
 .text.cdcd_init
                0x0000000010006dc8       0x7c CMakeFiles/auxDecode.dir/Users/cengtao/work/pico-sdk/lib/tinyusb/src/class/cdc/cdc_device.c.obj
                0x0000000010006dc8                cdcd_init
 .text.cdcd_reset
                0x0000000010006e44       0x2c CMakeFiles/auxDecode.dir/Users/cengtao/work/pico-sdk/lib/tinyusb/src/class/cdc/cdc_device.c.obj
                0x0000000010006e44                cdcd_reset
 .text.cdcd_open
                0x0000000010006e70       0xe4 CMakeFiles/auxDecode.dir/Users/cengtao/work/pico-sdk/lib/tinyusb/src/class/cdc/cdc_device.c.obj
                0x0000000010006e70                cdcd_open
 .text.cdcd_control_xfer_cb
                0x0000000010006f54       0xe4 CMakeFiles/auxDecode.dir/Users/cengtao/work/pico-sdk/lib/tinyusb/src/class/cdc/cdc_device.c.obj
                0x0000000010006f54                cdcd_control_xfer_cb
 .text.cdcd_xfer_cb
                0x0000000010007038      0x148 CMakeFiles/auxDecode.dir/Users/cengtao/work/pico-sdk/lib/tinyusb/src/class/cdc/cdc_device.c.obj
                0x0000000010007038                cdcd_xfer_cb
 .text.tusb_init
                0x0000000010007180        0xc CMakeFiles/auxDecode.dir/Users/cengtao/work/pico-sdk/lib/tinyusb/src/tusb.c.obj
                0x0000000010007180                tusb_init
 .text.tusb_inited
                0x000000001000718c        0x8 CMakeFiles/auxDecode.dir/Users/cengtao/work/pico-sdk/lib/tinyusb/src/tusb.c.obj
                0x000000001000718c                tusb_inited
 .text.tu_edpt_validate
                0x0000000010007194       0x78 CMakeFiles/auxDecode.dir/Users/cengtao/work/pico-sdk/lib/tinyusb/src/tusb.c.obj
                0x0000000010007194                tu_edpt_validate
 .text.tu_edpt_bind_driver
                0x000000001000720c       0x2c CMakeFiles/auxDecode.dir/Users/cengtao/work/pico-sdk/lib/tinyusb/src/tusb.c.obj
                0x000000001000720c                tu_edpt_bind_driver
 .text.tu_fifo_config
                0x0000000010007238       0x78 CMakeFiles/auxDecode.dir/Users/cengtao/work/pico-sdk/lib/tinyusb/src/common/tusb_fifo.c.obj
                0x0000000010007238                tu_fifo_config
 .text.tu_fifo_count
                0x00000000100072b0       0x20 CMakeFiles/auxDecode.dir/Users/cengtao/work/pico-sdk/lib/tinyusb/src/common/tusb_fifo.c.obj
                0x00000000100072b0                tu_fifo_count
 .text.tu_fifo_empty
                0x00000000100072d0       0x10 CMakeFiles/auxDecode.dir/Users/cengtao/work/pico-sdk/lib/tinyusb/src/common/tusb_fifo.c.obj
                0x00000000100072d0                tu_fifo_empty
 .text.tu_fifo_remaining
                0x00000000100072e0       0x1c CMakeFiles/auxDecode.dir/Users/cengtao/work/pico-sdk/lib/tinyusb/src/common/tusb_fifo.c.obj
                0x00000000100072e0                tu_fifo_remaining
 .text.tu_fifo_read
                0x00000000100072fc       0x9c CMakeFiles/auxDecode.dir/Users/cengtao/work/pico-sdk/lib/tinyusb/src/common/tusb_fifo.c.obj
                0x00000000100072fc                tu_fifo_read
 .text.tu_fifo_read_n
                0x0000000010007398      0x100 CMakeFiles/auxDecode.dir/Users/cengtao/work/pico-sdk/lib/tinyusb/src/common/tusb_fifo.c.obj
                0x0000000010007398                tu_fifo_read_n
 .text.tu_fifo_write
                0x0000000010007498       0x7c CMakeFiles/auxDecode.dir/Users/cengtao/work/pico-sdk/lib/tinyusb/src/common/tusb_fifo.c.obj
                0x0000000010007498                tu_fifo_write
 .text.tu_fifo_write_n
                0x0000000010007514      0x100 CMakeFiles/auxDecode.dir/Users/cengtao/work/pico-sdk/lib/tinyusb/src/common/tusb_fifo.c.obj
                0x0000000010007514                tu_fifo_write_n
 .text.tu_fifo_clear
                0x0000000010007614       0x4c CMakeFiles/auxDecode.dir/Users/cengtao/work/pico-sdk/lib/tinyusb/src/common/tusb_fifo.c.obj
                0x0000000010007614                tu_fifo_clear
 .text.tu_fifo_set_overwritable
                0x0000000010007660       0x3c CMakeFiles/auxDecode.dir/Users/cengtao/work/pico-sdk/lib/tinyusb/src/common/tusb_fifo.c.obj
                0x0000000010007660                tu_fifo_set_overwritable
 .text.startup._retrieve_unique_id_on_boot
                0x000000001000769c       0x10 CMakeFiles/auxDecode.dir/Users/cengtao/work/pico-sdk/src/rp2_common/pico_unique_id/unique_id.c.obj
 .text.pico_get_unique_board_id_string
                0x00000000100076ac      0x1a8 CMakeFiles/auxDecode.dir/Users/cengtao/work/pico-sdk/src/rp2_common/pico_unique_id/unique_id.c.obj
                0x00000000100076ac                pico_get_unique_board_id_string
 .text.flash_get_unique_id
                0x0000000010007854       0x40 CMakeFiles/auxDecode.dir/Users/cengtao/work/pico-sdk/src/rp2_common/hardware_flash/flash.c.obj
                0x0000000010007854                flash_get_unique_id
 .text.pio_add_program
                0x0000000010007894       0xc8 CMakeFiles/auxDecode.dir/Users/cengtao/work/pico-sdk/src/rp2_common/hardware_pio/pio.c.obj
                0x0000000010007894                pio_add_program
 .text.pio_sm_set_consecutive_pindirs
                0x000000001000795c       0x84 CMakeFiles/auxDecode.dir/Users/cengtao/work/pico-sdk/src/rp2_common/hardware_pio/pio.c.obj
                0x000000001000795c                pio_sm_set_consecutive_pindirs
 .text.pio_sm_init
                0x00000000100079e0       0x90 CMakeFiles/auxDecode.dir/Users/cengtao/work/pico-sdk/src/rp2_common/hardware_pio/pio.c.obj
                0x00000000100079e0                pio_sm_init
 .text.srand    0x0000000010007a70       0x14 /usr/local/Cellar/arm-gcc-bin@10/10.3-2021.10/bin/../lib/gcc/arm-none-eabi/10.3.1/../../../../arm-none-eabi/lib/thumb/v6-m/nofp/libc.a(lib_a-rand.o)
                0x0000000010007a70                srand
 .text.rand     0x0000000010007a84       0x34 /usr/local/Cellar/arm-gcc-bin@10/10.3-2021.10/bin/../lib/gcc/arm-none-eabi/10.3.1/../../../../arm-none-eabi/lib/thumb/v6-m/nofp/libc.a(lib_a-rand.o)
                0x0000000010007a84                rand
 .text.strlen   0x0000000010007ab8       0x5c /usr/local/Cellar/arm-gcc-bin@10/10.3-2021.10/bin/../lib/gcc/arm-none-eabi/10.3.1/../../../../arm-none-eabi/lib/thumb/v6-m/nofp/libc.a(lib_a-strlen-stub.o)
                0x0000000010007ab8                strlen
 .text.gettimeofday
                0x0000000010007b14       0x18 /usr/local/Cellar/arm-gcc-bin@10/10.3-2021.10/bin/../lib/gcc/arm-none-eabi/10.3.1/../../../../arm-none-eabi/lib/thumb/v6-m/nofp/libc.a(lib_a-sysgettod.o)
                0x0000000010007b14                gettimeofday
 .text._gettimeofday_r
                0x0000000010007b2c       0x28 /usr/local/Cellar/arm-gcc-bin@10/10.3-2021.10/bin/../lib/gcc/arm-none-eabi/10.3.1/../../../../arm-none-eabi/lib/thumb/v6-m/nofp/libc.a(lib_a-gettimeofdayr.o)
                0x0000000010007b2c                _gettimeofday_r
 .text._gettimeofday
                0x0000000010007b54       0x10 /usr/local/Cellar/arm-gcc-bin@10/10.3-2021.10/bin/../lib/gcc/arm-none-eabi/10.3.1/../../../../arm-none-eabi/lib/thumb/v6-m/nofp/libnosys.a(gettod.o)
                0x0000000010007b54                _gettimeofday
 *(.fini)
 .fini          0x0000000010007b64        0x4 /usr/local/Cellar/arm-gcc-bin@10/10.3-2021.10/bin/../lib/gcc/arm-none-eabi/10.3.1/thumb/v6-m/nofp/crti.o
                0x0000000010007b64                _fini
 .fini.__stub   0x0000000010007b68       0x80 linker stubs
 *crtbegin.o(.ctors)
 *crtbegin?.o(.ctors)
 *(EXCLUDE_FILE(*crtend.o *crtend?.o) .ctors)
 *(SORT_BY_NAME(.ctors.*))
 *(.ctors)
 *crtbegin.o(.dtors)
 *crtbegin?.o(.dtors)
 *(EXCLUDE_FILE(*crtend.o *crtend?.o) .dtors)
 *(SORT_BY_NAME(.dtors.*))
 *(.dtors)
 *(.eh_frame*)
 .eh_frame      0x0000000010007be8        0x0 /usr/local/Cellar/arm-gcc-bin@10/10.3-2021.10/bin/../lib/gcc/arm-none-eabi/10.3.1/thumb/v6-m/nofp/crtbegin.o
                0x0000000010007be8                . = ALIGN (0x4)

.glue_7         0x0000000010007be8        0x0
 .glue_7        0x0000000010007be8        0x0 linker stubs

.glue_7t        0x0000000010007be8        0x0
 .glue_7t       0x0000000010007be8        0x0 linker stubs

.vfp11_veneer   0x0000000010007be8        0x0
 .vfp11_veneer  0x0000000010007be8        0x0 linker stubs

.v4_bx          0x0000000010007be8        0x0
 .v4_bx         0x0000000010007be8        0x0 linker stubs

.iplt           0x0000000010007be8        0x0
 .iplt          0x0000000010007be8        0x0 /usr/local/Cellar/arm-gcc-bin@10/10.3-2021.10/bin/../lib/gcc/arm-none-eabi/10.3.1/thumb/v6-m/nofp/crtbegin.o

.rodata         0x0000000010007be8      0x5e0
 *(EXCLUDE_FILE(*libm.a: *libc.a:*lib_a-mem*.o *libgcc.a:) .rodata*)
 .rodata.isRepeat.str1.4
                0x0000000010007be8        0xc CMakeFiles/auxDecode.dir/Users/cengtao/work/DisplayPortAuxDecode/src/utils.c.obj
 .rodata.DumpHex.str1.4
                0x0000000010007bf4       0x17 CMakeFiles/auxDecode.dir/Users/cengtao/work/DisplayPortAuxDecode/src/utils.c.obj
                                         0x1b (size before relaxing)
 *fill*         0x0000000010007c0b        0x1 
 .rodata.PioAuxProgramInit.str1.4
                0x0000000010007c0c       0x47 CMakeFiles/auxDecode.dir/aux_pio.c.obj
 *fill*         0x0000000010007c53        0x1 
 .rodata.aux_rx_program
                0x0000000010007c54        0x6 CMakeFiles/auxDecode.dir/aux_pio.c.obj
 *fill*         0x0000000010007c5a        0x2 
 .rodata.aux_rx_program_instructions
                0x0000000010007c5c       0x1a CMakeFiles/auxDecode.dir/aux_pio.c.obj
 *fill*         0x0000000010007c76        0x2 
 .rodata.aux_tx_program
                0x0000000010007c78        0x6 CMakeFiles/auxDecode.dir/aux_pio.c.obj
 *fill*         0x0000000010007c7e        0x2 
 .rodata.aux_tx_program_instructions
                0x0000000010007c80        0x2 CMakeFiles/auxDecode.dir/aux_pio.c.obj
 *fill*         0x0000000010007c82        0x2 
 .rodata.main.str1.4
                0x0000000010007c84       0x3e CMakeFiles/auxDecode.dir/main.c.obj
 *fill*         0x0000000010007cc2        0x2 
 .rodata.spin_lock_claim_unused.str1.4
                0x0000000010007cc4       0x1b CMakeFiles/auxDecode.dir/Users/cengtao/work/pico-sdk/src/rp2_common/hardware_sync/sync.c.obj
 *fill*         0x0000000010007cdf        0x1 
 .rodata.user_irq_claim_unused.str1.4
                0x0000000010007ce0       0x1b CMakeFiles/auxDecode.dir/Users/cengtao/work/pico-sdk/src/rp2_common/hardware_irq/irq.c.obj
 *fill*         0x0000000010007cfb        0x1 
 .rodata.hardware_alarm_claim.str1.4
                0x0000000010007cfc       0x22 CMakeFiles/auxDecode.dir/Users/cengtao/work/pico-sdk/src/rp2_common/hardware_timer/timer.c.obj
 *fill*         0x0000000010007d1e        0x2 
 .rodata.panic.str1.4
                0x0000000010007d20       0x10 CMakeFiles/auxDecode.dir/Users/cengtao/work/pico-sdk/src/rp2_common/pico_runtime/runtime.c.obj
                                         0x12 (size before relaxing)
 .rodata.hard_assertion_failure.str1.4
                0x0000000010007d30        0xc CMakeFiles/auxDecode.dir/Users/cengtao/work/pico-sdk/src/rp2_common/pico_runtime/runtime.c.obj
 .rodata._ftoa.str1.4
                0x0000000010007d3c       0x15 CMakeFiles/auxDecode.dir/Users/cengtao/work/pico-sdk/src/rp2_common/pico_printf/printf.c.obj
 *fill*         0x0000000010007d51        0x3 
 .rodata._vsnprintf
                0x0000000010007d54      0x1e0 CMakeFiles/auxDecode.dir/Users/cengtao/work/pico-sdk/src/rp2_common/pico_printf/printf.c.obj
 *fill*         0x0000000010007f34        0x4 
 .rodata.pow10.0
                0x0000000010007f38       0x50 CMakeFiles/auxDecode.dir/Users/cengtao/work/pico-sdk/src/rp2_common/pico_printf/printf.c.obj
 .rodata.str1.4
                0x0000000010007f88       0x40 CMakeFiles/auxDecode.dir/Users/cengtao/work/pico-sdk/src/rp2_common/pico_standard_link/binary_info.c.obj
 .rodata.__bi_44
                0x0000000010007fc8        0xc CMakeFiles/auxDecode.dir/Users/cengtao/work/pico-sdk/src/rp2_common/pico_standard_link/binary_info.c.obj
 .rodata.__bi_75
                0x0000000010007fd4        0xc CMakeFiles/auxDecode.dir/Users/cengtao/work/pico-sdk/src/rp2_common/pico_standard_link/binary_info.c.obj
 .rodata.__bi_81
                0x0000000010007fe0        0xc CMakeFiles/auxDecode.dir/Users/cengtao/work/pico-sdk/src/rp2_common/pico_standard_link/binary_info.c.obj
 .rodata.crlf_str.0
                0x0000000010007fec        0x2 CMakeFiles/auxDecode.dir/Users/cengtao/work/pico-sdk/src/rp2_common/pico_stdio/stdio.c.obj
 *fill*         0x0000000010007fee        0x2 
 .rodata.str1.4
                0x0000000010007ff0       0x13 CMakeFiles/auxDecode.dir/Users/cengtao/work/pico-sdk/src/rp2_common/pico_stdio_usb/stdio_usb.c.obj
 *fill*         0x0000000010008003        0x1 
 .rodata.__bi_118.0
                0x0000000010008004        0xc CMakeFiles/auxDecode.dir/Users/cengtao/work/pico-sdk/src/rp2_common/pico_stdio_usb/stdio_usb.c.obj
 .rodata.str1.4
                0x0000000010008010       0x22 CMakeFiles/auxDecode.dir/Users/cengtao/work/pico-sdk/src/rp2_common/pico_stdio_usb/stdio_usb_descriptors.c.obj
 *fill*         0x0000000010008032        0x2 
 .rodata.usbd_desc_cfg
                0x0000000010008034       0x4b CMakeFiles/auxDecode.dir/Users/cengtao/work/pico-sdk/src/rp2_common/pico_stdio_usb/stdio_usb_descriptors.c.obj
 *fill*         0x000000001000807f        0x1 
 .rodata.usbd_desc_device
                0x0000000010008080       0x12 CMakeFiles/auxDecode.dir/Users/cengtao/work/pico-sdk/src/rp2_common/pico_stdio_usb/stdio_usb_descriptors.c.obj
 *fill*         0x0000000010008092        0x2 
 .rodata.usbd_desc_str
                0x0000000010008094       0x14 CMakeFiles/auxDecode.dir/Users/cengtao/work/pico-sdk/src/rp2_common/pico_stdio_usb/stdio_usb_descriptors.c.obj
 .rodata.dcd_rp2040_irq.str1.4
                0x00000000100080a8       0x14 CMakeFiles/auxDecode.dir/Users/cengtao/work/pico-sdk/lib/tinyusb/src/portable/raspberrypi/rp2040/dcd_rp2040.c.obj
 .rodata._hw_endpoint_buffer_control_update32.part.0.isra.0.str1.4
                0x00000000100080bc       0x1f CMakeFiles/auxDecode.dir/Users/cengtao/work/pico-sdk/lib/tinyusb/src/portable/raspberrypi/rp2040/rp2040_usb.c.obj
 *fill*         0x00000000100080db        0x1 
 .rodata.hw_endpoint_xfer_continue.str1.4
                0x00000000100080dc       0x29 CMakeFiles/auxDecode.dir/Users/cengtao/work/pico-sdk/lib/tinyusb/src/portable/raspberrypi/rp2040/rp2040_usb.c.obj
 *fill*         0x0000000010008105        0x3 
 .rodata.str1.4
                0x0000000010008108        0x7 CMakeFiles/auxDecode.dir/Users/cengtao/work/pico-sdk/lib/tinyusb/src/portable/raspberrypi/rp2040/rp2040_usb.c.obj
 *fill*         0x000000001000810f        0x1 
 .rodata.tud_task
                0x0000000010008110       0x8c CMakeFiles/auxDecode.dir/Users/cengtao/work/pico-sdk/lib/tinyusb/src/device/usbd.c.obj
 .rodata._usbd_driver
                0x000000001000819c       0x18 CMakeFiles/auxDecode.dir/Users/cengtao/work/pico-sdk/lib/tinyusb/src/device/usbd.c.obj
 .rodata.pio_add_program.str1.4
                0x00000000100081b4       0x11 CMakeFiles/auxDecode.dir/Users/cengtao/work/pico-sdk/src/rp2_common/hardware_pio/pio.c.obj
                0x00000000100081c8                . = ALIGN (0x4)
 *fill*         0x00000000100081c5        0x3 
 *(SORT_BY_ALIGNMENT(SORT_BY_NAME(.flashdata*)))
                0x00000000100081c8                . = ALIGN (0x4)

.rel.dyn        0x00000000100081c8        0x0
 .rel.iplt      0x00000000100081c8        0x0 /usr/local/Cellar/arm-gcc-bin@10/10.3-2021.10/bin/../lib/gcc/arm-none-eabi/10.3.1/thumb/v6-m/nofp/crtbegin.o

.ARM.extab
 *(.ARM.extab* .gnu.linkonce.armextab.*)
                0x00000000100081c8                __exidx_start = .

.ARM.exidx
 *(.ARM.exidx* .gnu.linkonce.armexidx.*)
                0x00000000100081c8                __exidx_end = .
                0x00000000100081c8                . = ALIGN (0x4)
                0x00000000100081c8                __binary_info_start = .

.binary_info    0x00000000100081c8       0x20
 *(.binary_info.keep.*)
 .binary_info.keep.__bi_ptr22
                0x00000000100081c8        0x4 CMakeFiles/auxDecode.dir/Users/cengtao/work/pico-sdk/src/rp2_common/pico_standard_link/binary_info.c.obj
 .binary_info.keep.__bi_ptr30
                0x00000000100081cc        0x4 CMakeFiles/auxDecode.dir/Users/cengtao/work/pico-sdk/src/rp2_common/pico_standard_link/binary_info.c.obj
 .binary_info.keep.__bi_ptr38
                0x00000000100081d0        0x4 CMakeFiles/auxDecode.dir/Users/cengtao/work/pico-sdk/src/rp2_common/pico_standard_link/binary_info.c.obj
 .binary_info.keep.__bi_ptr44
                0x00000000100081d4        0x4 CMakeFiles/auxDecode.dir/Users/cengtao/work/pico-sdk/src/rp2_common/pico_standard_link/binary_info.c.obj
 .binary_info.keep.__bi_ptr50
                0x00000000100081d8        0x4 CMakeFiles/auxDecode.dir/Users/cengtao/work/pico-sdk/src/rp2_common/pico_standard_link/binary_info.c.obj
 .binary_info.keep.__bi_ptr75
                0x00000000100081dc        0x4 CMakeFiles/auxDecode.dir/Users/cengtao/work/pico-sdk/src/rp2_common/pico_standard_link/binary_info.c.obj
 .binary_info.keep.__bi_ptr81
                0x00000000100081e0        0x4 CMakeFiles/auxDecode.dir/Users/cengtao/work/pico-sdk/src/rp2_common/pico_standard_link/binary_info.c.obj
 *(.binary_info.*)
 .binary_info.__bi_ptr118
                0x00000000100081e4        0x4 CMakeFiles/auxDecode.dir/Users/cengtao/work/pico-sdk/src/rp2_common/pico_stdio_usb/stdio_usb.c.obj
                0x00000000100081e8                __binary_info_end = .
                0x00000000100081e8                . = ALIGN (0x4)
                0x00000000100081e8                __etext = .

.ram_vector_table
                0x0000000020000000       0xc0
 *(.ram_vector_table)
 .ram_vector_table
                0x0000000020000000       0xc0 CMakeFiles/auxDecode.dir/Users/cengtao/work/pico-sdk/src/rp2_common/pico_runtime/runtime.c.obj
                0x0000000020000000                ram_vector_table

.data           0x00000000200000c0      0x840 load address 0x00000000100081e8
                0x00000000200000c0                __data_start__ = .
 *(vtable)
 *(.time_critical*)
 .time_critical.mutex_enter_blocking
                0x00000000200000c0       0x48 CMakeFiles/auxDecode.dir/Users/cengtao/work/pico-sdk/src/common/pico_sync/mutex.c.obj
                0x00000000200000c0                mutex_enter_blocking
 .time_critical.mutex_try_enter
                0x0000000020000108       0x44 CMakeFiles/auxDecode.dir/Users/cengtao/work/pico-sdk/src/common/pico_sync/mutex.c.obj
                0x0000000020000108                mutex_try_enter
 .time_critical.mutex_enter_timeout_ms
                0x000000002000014c       0xa0 CMakeFiles/auxDecode.dir/Users/cengtao/work/pico-sdk/src/common/pico_sync/mutex.c.obj
                0x000000002000014c                mutex_enter_timeout_ms
 .time_critical.mutex_exit
                0x00000000200001ec       0x28 CMakeFiles/auxDecode.dir/Users/cengtao/work/pico-sdk/src/common/pico_sync/mutex.c.obj
                0x00000000200001ec                mutex_exit
 .time_critical.flash_init_boot2_copyout
                0x0000000020000214       0x30 CMakeFiles/auxDecode.dir/Users/cengtao/work/pico-sdk/src/rp2_common/hardware_flash/flash.c.obj
 .time_critical.flash_enable_xip_via_boot2
                0x0000000020000244       0x10 CMakeFiles/auxDecode.dir/Users/cengtao/work/pico-sdk/src/rp2_common/hardware_flash/flash.c.obj
 .time_critical.flash_cs_force
                0x0000000020000254       0x38 CMakeFiles/auxDecode.dir/Users/cengtao/work/pico-sdk/src/rp2_common/hardware_flash/flash.c.obj
 .time_critical.flash_do_cmd
                0x000000002000028c       0xc4 CMakeFiles/auxDecode.dir/Users/cengtao/work/pico-sdk/src/rp2_common/hardware_flash/flash.c.obj
                0x000000002000028c                flash_do_cmd
 *(.text*)
 .text          0x0000000020000350        0x4 /usr/local/Cellar/arm-gcc-bin@10/10.3-2021.10/bin/../lib/gcc/arm-none-eabi/10.3.1/thumb/v6-m/nofp/libgcc.a(_dvmd_tls.o)
                0x0000000020000350                __aeabi_ldiv0
                0x0000000020000350                __aeabi_idiv0
 .text.memcmp   0x0000000020000354       0x48 /usr/local/Cellar/arm-gcc-bin@10/10.3-2021.10/bin/../lib/gcc/arm-none-eabi/10.3.1/../../../../arm-none-eabi/lib/thumb/v6-m/nofp/libc.a(lib_a-memcmp.o)
                0x0000000020000354                memcmp
 *fill*         0x000000002000039c        0x4 
 .text.memcmp.__stub
                0x00000000200003a0       0x30 linker stubs
                0x00000000200003d0                . = ALIGN (0x4)
 *(.rodata*)
                0x00000000200003d0                . = ALIGN (0x4)
 *(.data*)
 .data.striped_spin_lock_num
                0x00000000200003d0        0x1 CMakeFiles/auxDecode.dir/Users/cengtao/work/pico-sdk/src/rp2_common/hardware_sync/sync.c.obj
 *fill*         0x00000000200003d1        0x3 
 .data          0x00000000200003d4       0x48 CMakeFiles/auxDecode.dir/Users/cengtao/work/pico-sdk/src/rp2_common/hardware_irq/irq_handler_chain.S.obj
                0x00000000200003d4                irq_handler_chain_slots
                0x0000000020000404                irq_handler_chain_first_slot
                0x000000002000040e                irq_handler_chain_remove_tail
 .data.default_alarm_pool
                0x000000002000041c       0x18 CMakeFiles/auxDecode.dir/Users/cengtao/work/pico-sdk/src/common/pico_time/time.c.obj
 .data.default_alarm_pool_heap
                0x0000000020000434       0x10 CMakeFiles/auxDecode.dir/Users/cengtao/work/pico-sdk/src/common/pico_time/time.c.obj
 *fill*         0x0000000020000444        0xc 
 .data.aeabi_bits_funcs
                0x0000000020000450       0x10 CMakeFiles/auxDecode.dir/Users/cengtao/work/pico-sdk/src/rp2_common/pico_bit_ops/bit_ops_aeabi.S.obj
                0x0000000020000450                aeabi_bits_funcs
                0x0000000020000460                aeabi_bits_funcs_end
 .data.aeabi_mem_funcs
                0x0000000020000460       0x10 CMakeFiles/auxDecode.dir/Users/cengtao/work/pico-sdk/src/rp2_common/pico_mem_ops/mem_ops_aeabi.S.obj
                0x0000000020000460                aeabi_mem_funcs
                0x0000000020000470                aeabi_mem_funcs_end
 .data.stdio_usb
                0x0000000020000470       0x14 CMakeFiles/auxDecode.dir/Users/cengtao/work/pico-sdk/src/rp2_common/pico_stdio_usb/stdio_usb.c.obj
                0x0000000020000470                stdio_usb
 .data.ep_dir_string
                0x0000000020000484        0x8 CMakeFiles/auxDecode.dir/Users/cengtao/work/pico-sdk/lib/tinyusb/src/portable/raspberrypi/rp2040/rp2040_usb.c.obj
                0x0000000020000484                ep_dir_string
 .data._usbd_qdef
                0x000000002000048c       0x24 CMakeFiles/auxDecode.dir/Users/cengtao/work/pico-sdk/lib/tinyusb/src/device/usbd.c.obj
                0x000000002000048c                _usbd_qdef
 .data._impure_ptr
                0x00000000200004b0        0x4 /usr/local/Cellar/arm-gcc-bin@10/10.3-2021.10/bin/../lib/gcc/arm-none-eabi/10.3.1/../../../../arm-none-eabi/lib/thumb/v6-m/nofp/libc.a(lib_a-impure.o)
                0x00000000200004b0                _impure_ptr
 *fill*         0x00000000200004b4        0x4 
 .data.impure_data
                0x00000000200004b8      0x428 /usr/local/Cellar/arm-gcc-bin@10/10.3-2021.10/bin/../lib/gcc/arm-none-eabi/10.3.1/../../../../arm-none-eabi/lib/thumb/v6-m/nofp/libc.a(lib_a-impure.o)
                0x00000000200008e0                . = ALIGN (0x4)
 *(.after_data.*)
                0x00000000200008e0                . = ALIGN (0x4)
                0x00000000200008e0                PROVIDE (__mutex_array_start = .)
 *(SORT_BY_NAME(.mutex_array.*))
 *(.mutex_array)
 .mutex_array   0x00000000200008e0        0x8 CMakeFiles/auxDecode.dir/Users/cengtao/work/pico-sdk/src/rp2_common/pico_stdio/stdio.c.obj
                0x00000000200008e8                PROVIDE (__mutex_array_end = .)
                0x00000000200008e8                . = ALIGN (0x4)
                0x00000000200008e8                PROVIDE (__preinit_array_start = .)
 *(SORT_BY_NAME(.preinit_array.*))
 .preinit_array.00001
                0x00000000200008e8        0x4 CMakeFiles/auxDecode.dir/Users/cengtao/work/pico-sdk/src/rp2_common/pico_mem_ops/mem_ops_aeabi.S.obj
 .preinit_array.00010
                0x00000000200008ec        0x4 CMakeFiles/auxDecode.dir/Users/cengtao/work/pico-sdk/src/rp2_common/pico_bit_ops/bit_ops_aeabi.S.obj
 .preinit_array.00020
                0x00000000200008f0        0x4 CMakeFiles/auxDecode.dir/Users/cengtao/work/pico-sdk/src/rp2_common/pico_double/double_aeabi.S.obj
 .preinit_array.00020
                0x00000000200008f4        0x4 CMakeFiles/auxDecode.dir/Users/cengtao/work/pico-sdk/src/rp2_common/pico_float/float_aeabi.S.obj
 *(.preinit_array)
                0x00000000200008f8                PROVIDE (__preinit_array_end = .)
                0x00000000200008f8                . = ALIGN (0x4)
                0x00000000200008f8                PROVIDE (__init_array_start = .)
 *(SORT_BY_NAME(.init_array.*))
 *(.init_array)
 .init_array    0x00000000200008f8        0x4 /usr/local/Cellar/arm-gcc-bin@10/10.3-2021.10/bin/../lib/gcc/arm-none-eabi/10.3.1/thumb/v6-m/nofp/crtbegin.o
 .init_array    0x00000000200008fc        0x4 CMakeFiles/auxDecode.dir/Users/cengtao/work/pico-sdk/src/rp2_common/pico_unique_id/unique_id.c.obj
                0x0000000020000900                PROVIDE (__init_array_end = .)
                0x0000000020000900                . = ALIGN (0x4)
                [!provide]                        PROVIDE (__fini_array_start = .)
 *(SORT_BY_NAME(.fini_array.*))
 *(.fini_array)
                [!provide]                        PROVIDE (__fini_array_end = .)
 *(.jcr)
                0x0000000020000900                . = ALIGN (0x4)
                0x0000000020000900                __data_end__ = .

.igot.plt       0x0000000020000900        0x0 load address 0x0000000010008a28
 .igot.plt      0x0000000020000900        0x0 /usr/local/Cellar/arm-gcc-bin@10/10.3-2021.10/bin/../lib/gcc/arm-none-eabi/10.3.1/thumb/v6-m/nofp/crtbegin.o

.uninitialized_data
                0x0000000020000900        0x0 load address 0x0000000010008a28
                0x0000000020000900                . = ALIGN (0x4)
 *(.uninitialized_data*)

.scratch_x      0x0000000020040000        0x0 load address 0x0000000010008a28
                0x0000000020040000                __scratch_x_start__ = .
 *(.scratch_x.*)
                0x0000000020040000                . = ALIGN (0x4)
                0x0000000020040000                __scratch_x_end__ = .
                0x0000000010008a28                __scratch_x_source__ = LOADADDR (.scratch_x)

.scratch_y      0x0000000020041000        0x0 load address 0x0000000010008a28
                0x0000000020041000                __scratch_y_start__ = .
 *(.scratch_y.*)
                0x0000000020041000                . = ALIGN (0x4)
                0x0000000020041000                __scratch_y_end__ = .
                0x0000000010008a28                __scratch_y_source__ = LOADADDR (.scratch_y)

.bss            0x0000000020000900     0x11dc
                0x0000000020000900                . = ALIGN (0x4)
                0x0000000020000900                __bss_start__ = .
 *(SORT_BY_ALIGNMENT(SORT_BY_NAME(.bss*)))
 .bss.default_alarm_pool_entries
                0x0000000020000900      0x100 CMakeFiles/auxDecode.dir/Users/cengtao/work/pico-sdk/src/common/pico_time/time.c.obj
 .bss.en.0      0x0000000020000a00       0x40 CMakeFiles/auxDecode.dir/aux_pio.c.obj
 .bss.last_avail_time.1
                0x0000000020000a40        0x8 CMakeFiles/auxDecode.dir/Users/cengtao/work/pico-sdk/src/rp2_common/pico_stdio_usb/stdio_usb.c.obj
 .bss.sd_table  0x0000000020000a48      0x100 CMakeFiles/auxDecode.dir/Users/cengtao/work/pico-sdk/src/rp2_common/pico_double/double_init_rom.c.obj
                0x0000000020000a48                sd_table
 .bss.sf_table  0x0000000020000b48      0x100 CMakeFiles/auxDecode.dir/Users/cengtao/work/pico-sdk/src/rp2_common/pico_float/float_init_rom.c.obj
                0x0000000020000b48                sf_table
 .bss           0x0000000020000c48       0x1c /usr/local/Cellar/arm-gcc-bin@10/10.3-2021.10/bin/../lib/gcc/arm-none-eabi/10.3.1/thumb/v6-m/nofp/crtbegin.o
 .bss.DumpBuf   0x0000000020000c64      0x400 CMakeFiles/auxDecode.dir/Users/cengtao/work/DisplayPortAuxDecode/src/utils.c.obj
 .bss.DumpLable
                0x0000000020001064        0x4 CMakeFiles/auxDecode.dir/Users/cengtao/work/DisplayPortAuxDecode/src/utils.c.obj
 .bss.RepeatCnt
                0x0000000020001068        0x4 CMakeFiles/auxDecode.dir/Users/cengtao/work/DisplayPortAuxDecode/src/utils.c.obj
 .bss._app_driver
                0x000000002000106c        0x4 CMakeFiles/auxDecode.dir/Users/cengtao/work/pico-sdk/lib/tinyusb/src/device/usbd.c.obj
 .bss._cdcd_itf
                0x0000000020001070      0x2d8 CMakeFiles/auxDecode.dir/Users/cengtao/work/pico-sdk/lib/tinyusb/src/class/cdc/cdc_device.c.obj
 .bss._ctrl_xfer
                0x0000000020001348       0x14 CMakeFiles/auxDecode.dir/Users/cengtao/work/pico-sdk/lib/tinyusb/src/device/usbd_control.c.obj
 .bss._ubsd_mutexdef
                0x000000002000135c        0x8 CMakeFiles/auxDecode.dir/Users/cengtao/work/pico-sdk/lib/tinyusb/src/device/usbd.c.obj
 .bss._usbd_ctrl_buf
                0x0000000020001364       0x40 CMakeFiles/auxDecode.dir/Users/cengtao/work/pico-sdk/lib/tinyusb/src/device/usbd_control.c.obj
 .bss._usbd_dev
                0x00000000200013a4       0x53 CMakeFiles/auxDecode.dir/Users/cengtao/work/pico-sdk/lib/tinyusb/src/device/usbd.c.obj
 *fill*         0x00000000200013f7        0x1 
 .bss._usbd_mutex
                0x00000000200013f8        0x4 CMakeFiles/auxDecode.dir/Users/cengtao/work/pico-sdk/lib/tinyusb/src/device/usbd.c.obj
 .bss._usbd_q   0x00000000200013fc        0x4 CMakeFiles/auxDecode.dir/Users/cengtao/work/pico-sdk/lib/tinyusb/src/device/usbd.c.obj
 .bss._usbd_qdef_buf
                0x0000000020001400       0xc0 CMakeFiles/auxDecode.dir/Users/cengtao/work/pico-sdk/lib/tinyusb/src/device/usbd.c.obj
                0x0000000020001400                _usbd_qdef_buf
 .bss._used_instruction_space
                0x00000000200014c0        0x8 CMakeFiles/auxDecode.dir/Users/cengtao/work/pico-sdk/src/rp2_common/hardware_pio/pio.c.obj
 .bss.alarm_callbacks
                0x00000000200014c8       0x10 CMakeFiles/auxDecode.dir/Users/cengtao/work/pico-sdk/src/rp2_common/hardware_timer/timer.c.obj
 .bss.boot2_copyout
                0x00000000200014d8      0x100 CMakeFiles/auxDecode.dir/Users/cengtao/work/pico-sdk/src/rp2_common/hardware_flash/flash.c.obj
 .bss.claimed   0x00000000200015d8        0x4 CMakeFiles/auxDecode.dir/Users/cengtao/work/pico-sdk/src/rp2_common/hardware_sync/sync.c.obj
 .bss.configured_freq
                0x00000000200015dc       0x28 CMakeFiles/auxDecode.dir/Users/cengtao/work/pico-sdk/src/rp2_common/hardware_clocks/clocks.c.obj
 .bss.default_alarm_pool_entry_ids_high
                0x0000000020001604       0x10 CMakeFiles/auxDecode.dir/Users/cengtao/work/pico-sdk/src/common/pico_time/time.c.obj
 .bss.default_alarm_pool_heap_nodes
                0x0000000020001614       0x30 CMakeFiles/auxDecode.dir/Users/cengtao/work/pico-sdk/src/common/pico_time/time.c.obj
 .bss.desc_str.0
                0x0000000020001644       0x28 CMakeFiles/auxDecode.dir/Users/cengtao/work/pico-sdk/src/rp2_common/pico_stdio_usb/stdio_usb_descriptors.c.obj
 .bss.drivers   0x000000002000166c        0x4 CMakeFiles/auxDecode.dir/Users/cengtao/work/pico-sdk/src/rp2_common/pico_stdio/stdio.c.obj
 .bss.errno     0x0000000020001670        0x4 /usr/local/Cellar/arm-gcc-bin@10/10.3-2021.10/bin/../lib/gcc/arm-none-eabi/10.3.1/../../../../arm-none-eabi/lib/thumb/v6-m/nofp/libc.a(lib_a-reent.o)
                0x0000000020001670                errno
 .bss.filter    0x0000000020001674        0x4 CMakeFiles/auxDecode.dir/Users/cengtao/work/pico-sdk/src/rp2_common/pico_stdio/stdio.c.obj
 .bss.hw_endpoints
                0x0000000020001678      0x400 CMakeFiles/auxDecode.dir/Users/cengtao/work/pico-sdk/lib/tinyusb/src/portable/raspberrypi/rp2040/dcd_rp2040.c.obj
 .bss.lazy_vsnprintf
                0x0000000020001a78        0x4 CMakeFiles/auxDecode.dir/Users/cengtao/work/pico-sdk/src/rp2_common/pico_printf/printf.c.obj
 .bss.next_buffer_ptr
                0x0000000020001a7c        0x4 CMakeFiles/auxDecode.dir/Users/cengtao/work/pico-sdk/lib/tinyusb/src/portable/raspberrypi/rp2040/dcd_rp2040.c.obj
 .bss.pools     0x0000000020001a80       0x10 CMakeFiles/auxDecode.dir/Users/cengtao/work/pico-sdk/src/common/pico_time/time.c.obj
 .bss.retrieved_id
                0x0000000020001a90        0x8 CMakeFiles/auxDecode.dir/Users/cengtao/work/pico-sdk/src/rp2_common/pico_unique_id/unique_id.c.obj
 .bss.seed.0    0x0000000020001a98        0x4 CMakeFiles/auxDecode.dir/Users/cengtao/work/DisplayPortAuxDecode/src/utils.c.obj
 .bss.sf_clz_func
                0x0000000020001a9c        0x4 CMakeFiles/auxDecode.dir/Users/cengtao/work/pico-sdk/src/rp2_common/pico_double/double_init_rom.c.obj
                0x0000000020001a9c                sf_clz_func
 .bss.sleep_notifier
                0x0000000020001aa0        0x4 CMakeFiles/auxDecode.dir/Users/cengtao/work/pico-sdk/src/common/pico_time/time.c.obj
 .bss.stdio_usb_mutex
                0x0000000020001aa4        0x8 CMakeFiles/auxDecode.dir/Users/cengtao/work/pico-sdk/src/rp2_common/pico_stdio_usb/stdio_usb.c.obj
 .bss.target_hi
                0x0000000020001aac       0x10 CMakeFiles/auxDecode.dir/Users/cengtao/work/pico-sdk/src/rp2_common/hardware_timer/timer.c.obj
 .bss.usbd_serial_str
                0x0000000020001abc       0x11 CMakeFiles/auxDecode.dir/Users/cengtao/work/pico-sdk/src/rp2_common/pico_stdio_usb/stdio_usb_descriptors.c.obj
 *fill*         0x0000000020001acd        0x3 
 .bss.user_irq_claimed
                0x0000000020001ad0        0x2 CMakeFiles/auxDecode.dir/Users/cengtao/work/pico-sdk/src/rp2_common/hardware_irq/irq.c.obj
 .bss._app_driver_count
                0x0000000020001ad2        0x1 CMakeFiles/auxDecode.dir/Users/cengtao/work/pico-sdk/lib/tinyusb/src/device/usbd.c.obj
 .bss._usbd_initialized
                0x0000000020001ad3        0x1 CMakeFiles/auxDecode.dir/Users/cengtao/work/pico-sdk/lib/tinyusb/src/device/usbd.c.obj
 .bss.boot2_copyout_valid
                0x0000000020001ad4        0x1 CMakeFiles/auxDecode.dir/Users/cengtao/work/pico-sdk/src/rp2_common/hardware_flash/flash.c.obj
 .bss.claimed   0x0000000020001ad5        0x1 CMakeFiles/auxDecode.dir/Users/cengtao/work/pico-sdk/src/rp2_common/hardware_timer/timer.c.obj
 .bss.irq_hander_chain_free_slot_head
                0x0000000020001ad6        0x1 CMakeFiles/auxDecode.dir/Users/cengtao/work/pico-sdk/src/rp2_common/hardware_irq/irq.c.obj
 .bss.low_priority_irq_num
                0x0000000020001ad7        0x1 CMakeFiles/auxDecode.dir/Users/cengtao/work/pico-sdk/src/rp2_common/pico_stdio_usb/stdio_usb.c.obj
 .bss.timer_callbacks_pending
                0x0000000020001ad8        0x1 CMakeFiles/auxDecode.dir/Users/cengtao/work/pico-sdk/src/rp2_common/hardware_timer/timer.c.obj
 *(COMMON)
                0x0000000020001adc                . = ALIGN (0x4)
 *fill*         0x0000000020001ad9        0x3 
                0x0000000020001adc                __bss_end__ = .

.heap           0x0000000020001adc      0x800
                0x0000000020001adc                __end__ = .
                0x0000000020001adc                end = __end__
 *(.heap*)
 .heap          0x0000000020001adc      0x800 CMakeFiles/auxDecode.dir/Users/cengtao/work/pico-sdk/src/rp2_common/pico_standard_link/crt0.S.obj
                0x00000000200022dc                __HeapLimit = .

.stack1_dummy   0x0000000020040000        0x0
 *(.stack1*)

.stack_dummy    0x0000000020041000      0x800
 *(.stack*)
 .stack         0x0000000020041000      0x800 CMakeFiles/auxDecode.dir/Users/cengtao/work/pico-sdk/src/rp2_common/pico_standard_link/crt0.S.obj

.flash_end      0x0000000010008a28        0x0
                0x0000000010008a28                __flash_binary_end = .
                0x0000000020040000                __StackLimit = (ORIGIN (RAM) + LENGTH (RAM))
                0x0000000020041000                __StackOneTop = (ORIGIN (SCRATCH_X) + LENGTH (SCRATCH_X))
                0x0000000020042000                __StackTop = (ORIGIN (SCRATCH_Y) + LENGTH (SCRATCH_Y))
                0x0000000020041000                __StackOneBottom = (__StackOneTop - SIZEOF (.stack1_dummy))
                0x0000000020041800                __StackBottom = (__StackTop - SIZEOF (.stack_dummy))
                0x0000000020042000                PROVIDE (__stack = __StackTop)
                0x0000000000000001                ASSERT ((__StackLimit >= __HeapLimit), region RAM overflowed)
                0x0000000000000001                ASSERT (((__binary_info_header_end - __logical_binary_start) <= 0x100), Binary info must be in first 256 bytes of the binary)
LOAD CMakeFiles/auxDecode.dir/Users/cengtao/work/DisplayPortAuxDecode/src/aux_hal.c.obj
LOAD CMakeFiles/auxDecode.dir/Users/cengtao/work/DisplayPortAuxDecode/src/bit_stream.c.obj
LOAD CMakeFiles/auxDecode.dir/Users/cengtao/work/DisplayPortAuxDecode/src/manchester.c.obj
LOAD CMakeFiles/auxDecode.dir/Users/cengtao/work/DisplayPortAuxDecode/src/spi.c.obj
LOAD CMakeFiles/auxDecode.dir/Users/cengtao/work/DisplayPortAuxDecode/src/test.c.obj
LOAD CMakeFiles/auxDecode.dir/Users/cengtao/work/DisplayPortAuxDecode/src/utils.c.obj
LOAD CMakeFiles/auxDecode.dir/aux_pio.c.obj
LOAD CMakeFiles/auxDecode.dir/main.c.obj
LOAD CMakeFiles/auxDecode.dir/Users/cengtao/work/pico-sdk/src/rp2_common/pico_stdlib/stdlib.c.obj
LOAD CMakeFiles/auxDecode.dir/Users/cengtao/work/pico-sdk/src/rp2_common/hardware_gpio/gpio.c.obj
LOAD CMakeFiles/auxDecode.dir/Users/cengtao/work/pico-sdk/src/rp2_common/hardware_claim/claim.c.obj
LOAD CMakeFiles/auxDecode.dir/Users/cengtao/work/pico-sdk/src/rp2_common/pico_platform/platform.c.obj
LOAD CMakeFiles/auxDecode.dir/Users/cengtao/work/pico-sdk/src/rp2_common/hardware_sync/sync.c.obj
LOAD CMakeFiles/auxDecode.dir/Users/cengtao/work/pico-sdk/src/rp2_common/hardware_irq/irq.c.obj
LOAD CMakeFiles/auxDecode.dir/Users/cengtao/work/pico-sdk/src/rp2_common/hardware_irq/irq_handler_chain.S.obj
LOAD CMakeFiles/auxDecode.dir/Users/cengtao/work/pico-sdk/src/common/pico_sync/sem.c.obj
LOAD CMakeFiles/auxDecode.dir/Users/cengtao/work/pico-sdk/src/common/pico_sync/lock_core.c.obj
LOAD CMakeFiles/auxDecode.dir/Users/cengtao/work/pico-sdk/src/common/pico_time/time.c.obj
LOAD CMakeFiles/auxDecode.dir/Users/cengtao/work/pico-sdk/src/common/pico_time/timeout_helper.c.obj
LOAD CMakeFiles/auxDecode.dir/Users/cengtao/work/pico-sdk/src/rp2_common/hardware_timer/timer.c.obj
LOAD CMakeFiles/auxDecode.dir/Users/cengtao/work/pico-sdk/src/common/pico_util/datetime.c.obj
LOAD CMakeFiles/auxDecode.dir/Users/cengtao/work/pico-sdk/src/common/pico_util/pheap.c.obj
LOAD CMakeFiles/auxDecode.dir/Users/cengtao/work/pico-sdk/src/common/pico_util/queue.c.obj
LOAD CMakeFiles/auxDecode.dir/Users/cengtao/work/pico-sdk/src/common/pico_sync/mutex.c.obj
LOAD CMakeFiles/auxDecode.dir/Users/cengtao/work/pico-sdk/src/common/pico_sync/critical_section.c.obj
LOAD CMakeFiles/auxDecode.dir/Users/cengtao/work/pico-sdk/src/rp2_common/hardware_uart/uart.c.obj
LOAD CMakeFiles/auxDecode.dir/Users/cengtao/work/pico-sdk/src/rp2_common/hardware_divider/divider.S.obj
LOAD CMakeFiles/auxDecode.dir/Users/cengtao/work/pico-sdk/src/rp2_common/pico_runtime/runtime.c.obj
LOAD CMakeFiles/auxDecode.dir/Users/cengtao/work/pico-sdk/src/rp2_common/hardware_clocks/clocks.c.obj
LOAD CMakeFiles/auxDecode.dir/Users/cengtao/work/pico-sdk/src/rp2_common/hardware_pll/pll.c.obj
LOAD CMakeFiles/auxDecode.dir/Users/cengtao/work/pico-sdk/src/rp2_common/hardware_vreg/vreg.c.obj
LOAD CMakeFiles/auxDecode.dir/Users/cengtao/work/pico-sdk/src/rp2_common/hardware_watchdog/watchdog.c.obj
LOAD CMakeFiles/auxDecode.dir/Users/cengtao/work/pico-sdk/src/rp2_common/hardware_xosc/xosc.c.obj
LOAD CMakeFiles/auxDecode.dir/Users/cengtao/work/pico-sdk/src/rp2_common/pico_printf/printf.c.obj
LOAD CMakeFiles/auxDecode.dir/Users/cengtao/work/pico-sdk/src/rp2_common/pico_bit_ops/bit_ops_aeabi.S.obj
LOAD CMakeFiles/auxDecode.dir/Users/cengtao/work/pico-sdk/src/rp2_common/pico_bootrom/bootrom.c.obj
LOAD CMakeFiles/auxDecode.dir/Users/cengtao/work/pico-sdk/src/rp2_common/pico_divider/divider.S.obj
LOAD CMakeFiles/auxDecode.dir/Users/cengtao/work/pico-sdk/src/rp2_common/pico_double/double_aeabi.S.obj
LOAD CMakeFiles/auxDecode.dir/Users/cengtao/work/pico-sdk/src/rp2_common/pico_double/double_init_rom.c.obj
LOAD CMakeFiles/auxDecode.dir/Users/cengtao/work/pico-sdk/src/rp2_common/pico_double/double_math.c.obj
LOAD CMakeFiles/auxDecode.dir/Users/cengtao/work/pico-sdk/src/rp2_common/pico_double/double_v1_rom_shim.S.obj
LOAD CMakeFiles/auxDecode.dir/Users/cengtao/work/pico-sdk/src/rp2_common/pico_int64_ops/pico_int64_ops_aeabi.S.obj
LOAD CMakeFiles/auxDecode.dir/Users/cengtao/work/pico-sdk/src/rp2_common/pico_float/float_aeabi.S.obj
LOAD CMakeFiles/auxDecode.dir/Users/cengtao/work/pico-sdk/src/rp2_common/pico_float/float_init_rom.c.obj
LOAD CMakeFiles/auxDecode.dir/Users/cengtao/work/pico-sdk/src/rp2_common/pico_float/float_math.c.obj
LOAD CMakeFiles/auxDecode.dir/Users/cengtao/work/pico-sdk/src/rp2_common/pico_float/float_v1_rom_shim.S.obj
LOAD CMakeFiles/auxDecode.dir/Users/cengtao/work/pico-sdk/src/rp2_common/pico_malloc/pico_malloc.c.obj
LOAD CMakeFiles/auxDecode.dir/Users/cengtao/work/pico-sdk/src/rp2_common/pico_mem_ops/mem_ops_aeabi.S.obj
LOAD CMakeFiles/auxDecode.dir/Users/cengtao/work/pico-sdk/src/rp2_common/pico_standard_link/crt0.S.obj
LOAD CMakeFiles/auxDecode.dir/Users/cengtao/work/pico-sdk/src/rp2_common/pico_standard_link/new_delete.cpp.obj
LOAD CMakeFiles/auxDecode.dir/Users/cengtao/work/pico-sdk/src/rp2_common/pico_standard_link/binary_info.c.obj
LOAD CMakeFiles/auxDecode.dir/Users/cengtao/work/pico-sdk/src/rp2_common/pico_stdio/stdio.c.obj
LOAD CMakeFiles/auxDecode.dir/Users/cengtao/work/pico-sdk/src/rp2_common/pico_stdio_usb/reset_interface.c.obj
LOAD CMakeFiles/auxDecode.dir/Users/cengtao/work/pico-sdk/src/rp2_common/pico_stdio_usb/stdio_usb.c.obj
LOAD CMakeFiles/auxDecode.dir/Users/cengtao/work/pico-sdk/src/rp2_common/pico_stdio_usb/stdio_usb_descriptors.c.obj
LOAD CMakeFiles/auxDecode.dir/Users/cengtao/work/pico-sdk/lib/tinyusb/src/portable/raspberrypi/rp2040/dcd_rp2040.c.obj
LOAD CMakeFiles/auxDecode.dir/Users/cengtao/work/pico-sdk/lib/tinyusb/src/portable/raspberrypi/rp2040/rp2040_usb.c.obj
LOAD CMakeFiles/auxDecode.dir/Users/cengtao/work/pico-sdk/lib/tinyusb/src/device/usbd.c.obj
LOAD CMakeFiles/auxDecode.dir/Users/cengtao/work/pico-sdk/lib/tinyusb/src/device/usbd_control.c.obj
LOAD CMakeFiles/auxDecode.dir/Users/cengtao/work/pico-sdk/lib/tinyusb/src/class/audio/audio_device.c.obj
LOAD CMakeFiles/auxDecode.dir/Users/cengtao/work/pico-sdk/lib/tinyusb/src/class/cdc/cdc_device.c.obj
LOAD CMakeFiles/auxDecode.dir/Users/cengtao/work/pico-sdk/lib/tinyusb/src/class/dfu/dfu_device.c.obj
LOAD CMakeFiles/auxDecode.dir/Users/cengtao/work/pico-sdk/lib/tinyusb/src/class/dfu/dfu_rt_device.c.obj
LOAD CMakeFiles/auxDecode.dir/Users/cengtao/work/pico-sdk/lib/tinyusb/src/class/hid/hid_device.c.obj
LOAD CMakeFiles/auxDecode.dir/Users/cengtao/work/pico-sdk/lib/tinyusb/src/class/midi/midi_device.c.obj
LOAD CMakeFiles/auxDecode.dir/Users/cengtao/work/pico-sdk/lib/tinyusb/src/class/msc/msc_device.c.obj
LOAD CMakeFiles/auxDecode.dir/Users/cengtao/work/pico-sdk/lib/tinyusb/src/class/net/ecm_rndis_device.c.obj
LOAD CMakeFiles/auxDecode.dir/Users/cengtao/work/pico-sdk/lib/tinyusb/src/class/net/ncm_device.c.obj
LOAD CMakeFiles/auxDecode.dir/Users/cengtao/work/pico-sdk/lib/tinyusb/src/class/usbtmc/usbtmc_device.c.obj
LOAD CMakeFiles/auxDecode.dir/Users/cengtao/work/pico-sdk/lib/tinyusb/src/class/vendor/vendor_device.c.obj
LOAD CMakeFiles/auxDecode.dir/Users/cengtao/work/pico-sdk/lib/tinyusb/src/class/video/video_device.c.obj
LOAD CMakeFiles/auxDecode.dir/Users/cengtao/work/pico-sdk/lib/tinyusb/src/tusb.c.obj
LOAD CMakeFiles/auxDecode.dir/Users/cengtao/work/pico-sdk/lib/tinyusb/src/common/tusb_fifo.c.obj
LOAD CMakeFiles/auxDecode.dir/Users/cengtao/work/pico-sdk/src/rp2_common/pico_fix/rp2040_usb_device_enumeration/rp2040_usb_device_enumeration.c.obj
LOAD CMakeFiles/auxDecode.dir/Users/cengtao/work/pico-sdk/src/rp2_common/pico_unique_id/unique_id.c.obj
LOAD CMakeFiles/auxDecode.dir/Users/cengtao/work/pico-sdk/src/rp2_common/hardware_flash/flash.c.obj
LOAD CMakeFiles/auxDecode.dir/Users/cengtao/work/pico-sdk/src/rp2_common/hardware_pio/pio.c.obj
LOAD /var/folders/yx/hsd_thj12fz373l5pzgmxs680000gn/T//ccF7Gr4Z.o
LOAD /usr/local/Cellar/arm-gcc-bin@10/10.3-2021.10/bin/../lib/gcc/arm-none-eabi/10.3.1/../../../../arm-none-eabi/lib/thumb/v6-m/nofp/libstdc++.a
LOAD /usr/local/Cellar/arm-gcc-bin@10/10.3-2021.10/bin/../lib/gcc/arm-none-eabi/10.3.1/../../../../arm-none-eabi/lib/thumb/v6-m/nofp/libm.a
START GROUP
LOAD /usr/local/Cellar/arm-gcc-bin@10/10.3-2021.10/bin/../lib/gcc/arm-none-eabi/10.3.1/thumb/v6-m/nofp/libgcc.a
LOAD /usr/local/Cellar/arm-gcc-bin@10/10.3-2021.10/bin/../lib/gcc/arm-none-eabi/10.3.1/../../../../arm-none-eabi/lib/thumb/v6-m/nofp/libc.a
END GROUP
START GROUP
LOAD /usr/local/Cellar/arm-gcc-bin@10/10.3-2021.10/bin/../lib/gcc/arm-none-eabi/10.3.1/thumb/v6-m/nofp/libgcc.a
LOAD /usr/local/Cellar/arm-gcc-bin@10/10.3-2021.10/bin/../lib/gcc/arm-none-eabi/10.3.1/../../../../arm-none-eabi/lib/thumb/v6-m/nofp/libc.a
LOAD /usr/local/Cellar/arm-gcc-bin@10/10.3-2021.10/bin/../lib/gcc/arm-none-eabi/10.3.1/../../../../arm-none-eabi/lib/thumb/v6-m/nofp/libnosys.a
END GROUP
LOAD /usr/local/Cellar/arm-gcc-bin@10/10.3-2021.10/bin/../lib/gcc/arm-none-eabi/10.3.1/thumb/v6-m/nofp/crtend.o
LOAD /usr/local/Cellar/arm-gcc-bin@10/10.3-2021.10/bin/../lib/gcc/arm-none-eabi/10.3.1/thumb/v6-m/nofp/crtn.o
OUTPUT(auxDecode.elf elf32-littlearm)
LOAD linker stubs

.ARM.attributes
                0x0000000000000000       0x28
 .ARM.attributes
                0x0000000000000000       0x1e /usr/local/Cellar/arm-gcc-bin@10/10.3-2021.10/bin/../lib/gcc/arm-none-eabi/10.3.1/thumb/v6-m/nofp/crti.o
 .ARM.attributes
                0x000000000000001e       0x2c /usr/local/Cellar/arm-gcc-bin@10/10.3-2021.10/bin/../lib/gcc/arm-none-eabi/10.3.1/thumb/v6-m/nofp/crtbegin.o
 .ARM.attributes
                0x000000000000004a       0x2c CMakeFiles/auxDecode.dir/Users/cengtao/work/DisplayPortAuxDecode/src/utils.c.obj
 .ARM.attributes
                0x0000000000000076       0x2c CMakeFiles/auxDecode.dir/aux_pio.c.obj
 .ARM.attributes
                0x00000000000000a2       0x2c CMakeFiles/auxDecode.dir/main.c.obj
 .ARM.attributes
                0x00000000000000ce       0x2c CMakeFiles/auxDecode.dir/Users/cengtao/work/pico-sdk/src/rp2_common/pico_stdlib/stdlib.c.obj
 .ARM.attributes
                0x00000000000000fa       0x2c CMakeFiles/auxDecode.dir/Users/cengtao/work/pico-sdk/src/rp2_common/hardware_gpio/gpio.c.obj
 .ARM.attributes